<Objs Version="1.1.0.1" xmlns="http://schemas.microsoft.com/powershell/2004/04">
  <Obj RefId="0">
    <TN RefId="0">
      <T>Selected.System.Management.Automation.PSCustomObject</T>
      <T>System.Management.Automation.PSCustomObject</T>
      <T>System.Object</T>
    </TN>
    <MS>
      <DT N="Completion time">2022-07-20T15:49:16</DT>
      <S N="Salesforce Case Number">02043063</S>
      <S N="Feature(s) To Cleanup">PME</S>
      <Obj N="ExpiryDate" RefId="1">
        <DT>2022-07-27T15:49:16</DT>
        <MS>
          <Obj N="DisplayHint" RefId="2">
            <TN RefId="1">
              <T>Microsoft.PowerShell.Commands.DisplayHintType</T>
              <T>System.Enum</T>
              <T>System.ValueType</T>
              <T>System.Object</T>
            </TN>
            <ToString>DateTime</ToString>
            <I32>2</I32>
          </Obj>
        </MS>
      </Obj>
      <S N="ExpiredRequest">TRUE</S>
    </MS>
  </Obj>
  <Obj RefId="3">
    <TNRef RefId="0" />
    <MS>
      <DT N="Completion time">2022-07-20T18:28:52</DT>
      <S N="Salesforce Case Number">02043833</S>
      <S N="Feature(s) To Cleanup">Take Control</S>
      <Obj N="ExpiryDate" RefId="4">
        <DT>2022-07-27T18:28:52</DT>
        <MS>
          <Obj N="DisplayHint" RefId="5">
            <TNRef RefId="1" />
            <ToString>DateTime</ToString>
            <I32>2</I32>
          </Obj>
        </MS>
      </Obj>
      <S N="ExpiredRequest">TRUE</S>
    </MS>
  </Obj>
  <Obj RefId="6">
    <TNRef RefId="0" />
    <MS>
      <DT N="Completion time">2022-07-21T02:29:29</DT>
      <S N="Salesforce Case Number">02038873</S>
      <S N="Feature(s) To Cleanup">PME</S>
      <Obj N="ExpiryDate" RefId="7">
        <DT>2022-07-28T02:29:29</DT>
        <MS>
          <Obj N="DisplayHint" RefId="8">
            <TNRef RefId="1" />
            <ToString>DateTime</ToString>
            <I32>2</I32>
          </Obj>
        </MS>
      </Obj>
      <S N="ExpiredRequest">TRUE</S>
    </MS>
  </Obj>
  <Obj RefId="9">
    <TNRef RefId="0" />
    <MS>
      <DT N="Completion time">2022-07-21T09:29:48</DT>
      <S N="Salesforce Case Number">02032843</S>
      <S N="Feature(s) To Cleanup">PME</S>
      <Obj N="ExpiryDate" RefId="10">
        <DT>2022-07-28T09:29:48</DT>
        <MS>
          <Obj N="DisplayHint" RefId="11">
            <TNRef RefId="1" />
            <ToString>DateTime</ToString>
            <I32>2</I32>
          </Obj>
        </MS>
      </Obj>
      <S N="ExpiredRequest">TRUE</S>
    </MS>
  </Obj>
  <Obj RefId="12">
    <TNRef RefId="0" />
    <MS>
      <DT N="Completion time">2022-07-21T10:38:26</DT>
      <S N="Salesforce Case Number">02026670</S>
      <S N="Feature(s) To Cleanup">PME</S>
      <Obj N="ExpiryDate" RefId="13">
        <DT>2022-07-28T10:38:26</DT>
        <MS>
          <Obj N="DisplayHint" RefId="14">
            <TNRef RefId="1" />
            <ToString>DateTime</ToString>
            <I32>2</I32>
          </Obj>
        </MS>
      </Obj>
      <S N="ExpiredRequest">TRUE</S>
    </MS>
  </Obj>
  <Obj RefId="15">
    <TNRef RefId="0" />
    <MS>
      <DT N="Completion time">2022-07-21T14:06:55</DT>
      <S N="Salesforce Case Number">02044398</S>
      <S N="Feature(s) To Cleanup">PME</S>
      <Obj N="ExpiryDate" RefId="16">
        <DT>2022-07-28T14:06:55</DT>
        <MS>
          <Obj N="DisplayHint" RefId="17">
            <TNRef RefId="1" />
            <ToString>DateTime</ToString>
            <I32>2</I32>
          </Obj>
        </MS>
      </Obj>
      <S N="ExpiredRequest">TRUE</S>
    </MS>
  </Obj>
  <Obj RefId="18">
    <TNRef RefId="0" />
    <MS>
      <DT N="Completion time">2022-07-21T16:51:06</DT>
      <S N="Salesforce Case Number">02044582</S>
      <S N="Feature(s) To Cleanup">N-central Windows Agent</S>
      <Obj N="ExpiryDate" RefId="19">
        <DT>2022-07-28T16:51:06</DT>
        <MS>
          <Obj N="DisplayHint" RefId="20">
            <TNRef RefId="1" />
            <ToString>DateTime</ToString>
            <I32>2</I32>
          </Obj>
        </MS>
      </Obj>
      <S N="ExpiredRequest">TRUE</S>
    </MS>
  </Obj>
  <Obj RefId="21">
    <TNRef RefId="0" />
    <MS>
      <DT N="Completion time">2022-07-22T07:02:19</DT>
      <S N="Salesforce Case Number">02044925</S>
      <S N="Feature(s) To Cleanup">PME</S>
      <Obj N="ExpiryDate" RefId="22">
        <DT>2022-07-29T07:02:19</DT>
        <MS>
          <Obj N="DisplayHint" RefId="23">
            <TNRef RefId="1" />
            <ToString>DateTime</ToString>
            <I32>2</I32>
          </Obj>
        </MS>
      </Obj>
      <S N="ExpiredRequest">TRUE</S>
    </MS>
  </Obj>
  <Obj RefId="24">
    <TNRef RefId="0" />
    <MS>
      <DT N="Completion time">2022-07-22T18:36:40</DT>
      <S N="Salesforce Case Number">02044398</S>
      <S N="Feature(s) To Cleanup">PME</S>
      <Obj N="ExpiryDate" RefId="25">
        <DT>2022-07-29T18:36:40</DT>
        <MS>
          <Obj N="DisplayHint" RefId="26">
            <TNRef RefId="1" />
            <ToString>DateTime</ToString>
            <I32>2</I32>
          </Obj>
        </MS>
      </Obj>
      <S N="ExpiredRequest">TRUE</S>
    </MS>
  </Obj>
  <Obj RefId="27">
    <TNRef RefId="0" />
    <MS>
      <DT N="Completion time">2022-07-22T19:05:45</DT>
      <S N="Salesforce Case Number">02036587</S>
      <S N="Feature(s) To Cleanup">N-central Windows Agent</S>
      <Obj N="ExpiryDate" RefId="28">
        <DT>2022-07-29T19:05:45</DT>
        <MS>
          <Obj N="DisplayHint" RefId="29">
            <TNRef RefId="1" />
            <ToString>DateTime</ToString>
            <I32>2</I32>
          </Obj>
        </MS>
      </Obj>
      <S N="ExpiredRequest">TRUE</S>
    </MS>
  </Obj>
  <Obj RefId="30">
    <TNRef RefId="0" />
    <MS>
      <DT N="Completion time">2022-07-22T19:37:15</DT>
      <S N="Salesforce Case Number">02045320</S>
      <S N="Feature(s) To Cleanup">Take Control</S>
      <Obj N="ExpiryDate" RefId="31">
        <DT>2022-07-29T19:37:15</DT>
        <MS>
          <Obj N="DisplayHint" RefId="32">
            <TNRef RefId="1" />
            <ToString>DateTime</ToString>
            <I32>2</I32>
          </Obj>
        </MS>
      </Obj>
      <S N="ExpiredRequest">TRUE</S>
    </MS>
  </Obj>
  <Obj RefId="33">
    <TNRef RefId="0" />
    <MS>
      <DT N="Completion time">2022-07-22T19:42:17</DT>
      <S N="Salesforce Case Number">02036587</S>
      <S N="Feature(s) To Cleanup">N-central Windows Agent</S>
      <Obj N="ExpiryDate" RefId="34">
        <DT>2022-07-29T19:42:17</DT>
        <MS>
          <Obj N="DisplayHint" RefId="35">
            <TNRef RefId="1" />
            <ToString>DateTime</ToString>
            <I32>2</I32>
          </Obj>
        </MS>
      </Obj>
      <S N="ExpiredRequest">TRUE</S>
    </MS>
  </Obj>
  <Obj RefId="36">
    <TNRef RefId="0" />
    <MS>
      <DT N="Completion time">2022-07-22T21:12:58</DT>
      <S N="Salesforce Case Number">02043063</S>
      <S N="Feature(s) To Cleanup">PME</S>
      <Obj N="ExpiryDate" RefId="37">
        <DT>2022-07-29T21:12:58</DT>
        <MS>
          <Obj N="DisplayHint" RefId="38">
            <TNRef RefId="1" />
            <ToString>DateTime</ToString>
            <I32>2</I32>
          </Obj>
        </MS>
      </Obj>
      <S N="ExpiredRequest">TRUE</S>
    </MS>
  </Obj>
  <Obj RefId="39">
    <TNRef RefId="0" />
    <MS>
      <DT N="Completion time">2022-07-25T07:32:07</DT>
      <S N="Salesforce Case Number">02038873</S>
      <S N="Feature(s) To Cleanup">PME</S>
      <Obj N="ExpiryDate" RefId="40">
        <DT>2022-08-01T07:32:07</DT>
        <MS>
          <Obj N="DisplayHint" RefId="41">
            <TNRef RefId="1" />
            <ToString>DateTime</ToString>
            <I32>2</I32>
          </Obj>
        </MS>
      </Obj>
      <S N="ExpiredRequest">TRUE</S>
    </MS>
  </Obj>
  <Obj RefId="42">
    <TNRef RefId="0" />
    <MS>
      <DT N="Completion time">2022-07-25T08:35:57</DT>
      <S N="Salesforce Case Number">02031194</S>
      <S N="Feature(s) To Cleanup">PME</S>
      <Obj N="ExpiryDate" RefId="43">
        <DT>2022-08-01T08:35:57</DT>
        <MS>
          <Obj N="DisplayHint" RefId="44">
            <TNRef RefId="1" />
            <ToString>DateTime</ToString>
            <I32>2</I32>
          </Obj>
        </MS>
      </Obj>
      <S N="ExpiredRequest">TRUE</S>
    </MS>
  </Obj>
  <Obj RefId="45">
    <TNRef RefId="0" />
    <MS>
      <DT N="Completion time">2022-07-25T08:52:21</DT>
      <S N="Salesforce Case Number">02042174</S>
      <S N="Feature(s) To Cleanup">Take Control</S>
      <Obj N="ExpiryDate" RefId="46">
        <DT>2022-08-01T08:52:21</DT>
        <MS>
          <Obj N="DisplayHint" RefId="47">
            <TNRef RefId="1" />
            <ToString>DateTime</ToString>
            <I32>2</I32>
          </Obj>
        </MS>
      </Obj>
      <S N="ExpiredRequest">TRUE</S>
    </MS>
  </Obj>
  <Obj RefId="48">
    <TNRef RefId="0" />
    <MS>
      <DT N="Completion time">2022-07-25T09:05:21</DT>
      <S N="Salesforce Case Number">02042174</S>
      <S N="Feature(s) To Cleanup">Take Control</S>
      <Obj N="ExpiryDate" RefId="49">
        <DT>2022-08-01T09:05:21</DT>
        <MS>
          <Obj N="DisplayHint" RefId="50">
            <TNRef RefId="1" />
            <ToString>DateTime</ToString>
            <I32>2</I32>
          </Obj>
        </MS>
      </Obj>
      <S N="ExpiredRequest">TRUE</S>
    </MS>
  </Obj>
  <Obj RefId="51">
    <TNRef RefId="0" />
    <MS>
      <DT N="Completion time">2022-07-25T09:11:07</DT>
      <S N="Salesforce Case Number">02042174</S>
      <S N="Feature(s) To Cleanup">Take Control</S>
      <Obj N="ExpiryDate" RefId="52">
        <DT>2022-08-01T09:11:07</DT>
        <MS>
          <Obj N="DisplayHint" RefId="53">
            <TNRef RefId="1" />
            <ToString>DateTime</ToString>
            <I32>2</I32>
          </Obj>
        </MS>
      </Obj>
      <S N="ExpiredRequest">TRUE</S>
    </MS>
  </Obj>
  <Obj RefId="54">
    <TNRef RefId="0" />
    <MS>
      <DT N="Completion time">2022-07-25T09:24:08</DT>
      <S N="Salesforce Case Number">02042174</S>
      <S N="Feature(s) To Cleanup">Take Control</S>
      <Obj N="ExpiryDate" RefId="55">
        <DT>2022-08-01T09:24:08</DT>
        <MS>
          <Obj N="DisplayHint" RefId="56">
            <TNRef RefId="1" />
            <ToString>DateTime</ToString>
            <I32>2</I32>
          </Obj>
        </MS>
      </Obj>
      <S N="ExpiredRequest">TRUE</S>
    </MS>
  </Obj>
  <Obj RefId="57">
    <TNRef RefId="0" />
    <MS>
      <DT N="Completion time">2022-07-25T22:34:36</DT>
      <S N="Salesforce Case Number">02046268</S>
      <S N="Feature(s) To Cleanup">PME</S>
      <Obj N="ExpiryDate" RefId="58">
        <DT>2022-08-01T22:34:36</DT>
        <MS>
          <Obj N="DisplayHint" RefId="59">
            <TNRef RefId="1" />
            <ToString>DateTime</ToString>
            <I32>2</I32>
          </Obj>
        </MS>
      </Obj>
      <S N="ExpiredRequest">TRUE</S>
    </MS>
  </Obj>
  <Obj RefId="60">
    <TNRef RefId="0" />
    <MS>
      <DT N="Completion time">2022-07-26T00:07:49</DT>
      <S N="Salesforce Case Number">02038873</S>
      <S N="Feature(s) To Cleanup">PME</S>
      <Obj N="ExpiryDate" RefId="61">
        <DT>2022-08-02T00:07:49</DT>
        <MS>
          <Obj N="DisplayHint" RefId="62">
            <TNRef RefId="1" />
            <ToString>DateTime</ToString>
            <I32>2</I32>
          </Obj>
        </MS>
      </Obj>
      <S N="ExpiredRequest">TRUE</S>
    </MS>
  </Obj>
  <Obj RefId="63">
    <TNRef RefId="0" />
    <MS>
      <DT N="Completion time">2022-07-26T11:16:16</DT>
      <S N="Salesforce Case Number">02046443</S>
      <S N="Feature(s) To Cleanup">Take Control</S>
      <Obj N="ExpiryDate" RefId="64">
        <DT>2022-08-02T11:16:16</DT>
        <MS>
          <Obj N="DisplayHint" RefId="65">
            <TNRef RefId="1" />
            <ToString>DateTime</ToString>
            <I32>2</I32>
          </Obj>
        </MS>
      </Obj>
      <S N="ExpiredRequest">TRUE</S>
    </MS>
  </Obj>
  <Obj RefId="66">
    <TNRef RefId="0" />
    <MS>
      <DT N="Completion time">2022-07-26T15:07:42</DT>
      <S N="Salesforce Case Number">02044398</S>
      <S N="Feature(s) To Cleanup">PME</S>
      <Obj N="ExpiryDate" RefId="67">
        <DT>2022-08-02T15:07:42</DT>
        <MS>
          <Obj N="DisplayHint" RefId="68">
            <TNRef RefId="1" />
            <ToString>DateTime</ToString>
            <I32>2</I32>
          </Obj>
        </MS>
      </Obj>
      <S N="ExpiredRequest">TRUE</S>
    </MS>
  </Obj>
  <Obj RefId="69">
    <TNRef RefId="0" />
    <MS>
      <DT N="Completion time">2022-07-26T18:49:42</DT>
      <S N="Salesforce Case Number">02046930</S>
      <S N="Feature(s) To Cleanup">Take Control</S>
      <Obj N="ExpiryDate" RefId="70">
        <DT>2022-08-02T18:49:42</DT>
        <MS>
          <Obj N="DisplayHint" RefId="71">
            <TNRef RefId="1" />
            <ToString>DateTime</ToString>
            <I32>2</I32>
          </Obj>
        </MS>
      </Obj>
      <S N="ExpiredRequest">TRUE</S>
    </MS>
  </Obj>
  <Obj RefId="72">
    <TNRef RefId="0" />
    <MS>
      <DT N="Completion time">2022-07-26T19:14:54</DT>
      <S N="Salesforce Case Number">02046930</S>
      <S N="Feature(s) To Cleanup">Take Control</S>
      <Obj N="ExpiryDate" RefId="73">
        <DT>2022-08-02T19:14:54</DT>
        <MS>
          <Obj N="DisplayHint" RefId="74">
            <TNRef RefId="1" />
            <ToString>DateTime</ToString>
            <I32>2</I32>
          </Obj>
        </MS>
      </Obj>
      <S N="ExpiredRequest">TRUE</S>
    </MS>
  </Obj>
  <Obj RefId="75">
    <TNRef RefId="0" />
    <MS>
      <DT N="Completion time">2022-07-27T10:13:39</DT>
      <S N="Salesforce Case Number">02012308</S>
      <S N="Feature(s) To Cleanup">PME</S>
      <Obj N="ExpiryDate" RefId="76">
        <DT>2022-08-03T10:13:39</DT>
        <MS>
          <Obj N="DisplayHint" RefId="77">
            <TNRef RefId="1" />
            <ToString>DateTime</ToString>
            <I32>2</I32>
          </Obj>
        </MS>
      </Obj>
      <S N="ExpiredRequest">TRUE</S>
    </MS>
  </Obj>
  <Obj RefId="78">
    <TNRef RefId="0" />
    <MS>
      <DT N="Completion time">2022-07-27T14:49:46</DT>
      <S N="Salesforce Case Number">02047449</S>
      <S N="Feature(s) To Cleanup">PME</S>
      <Obj N="ExpiryDate" RefId="79">
        <DT>2022-08-03T14:49:46</DT>
        <MS>
          <Obj N="DisplayHint" RefId="80">
            <TNRef RefId="1" />
            <ToString>DateTime</ToString>
            <I32>2</I32>
          </Obj>
        </MS>
      </Obj>
      <S N="ExpiredRequest">TRUE</S>
    </MS>
  </Obj>
  <Obj RefId="81">
    <TNRef RefId="0" />
    <MS>
      <DT N="Completion time">2022-07-27T15:01:55</DT>
      <S N="Salesforce Case Number">02043063</S>
      <S N="Feature(s) To Cleanup">PME</S>
      <Obj N="ExpiryDate" RefId="82">
        <DT>2022-08-03T15:01:55</DT>
        <MS>
          <Obj N="DisplayHint" RefId="83">
            <TNRef RefId="1" />
            <ToString>DateTime</ToString>
            <I32>2</I32>
          </Obj>
        </MS>
      </Obj>
      <S N="ExpiredRequest">TRUE</S>
    </MS>
  </Obj>
  <Obj RefId="84">
    <TNRef RefId="0" />
    <MS>
      <DT N="Completion time">2022-07-27T15:46:39</DT>
      <S N="Salesforce Case Number">02047569</S>
      <S N="Feature(s) To Cleanup">Take Control</S>
      <Obj N="ExpiryDate" RefId="85">
        <DT>2022-08-03T15:46:39</DT>
        <MS>
          <Obj N="DisplayHint" RefId="86">
            <TNRef RefId="1" />
            <ToString>DateTime</ToString>
            <I32>2</I32>
          </Obj>
        </MS>
      </Obj>
      <S N="ExpiredRequest">TRUE</S>
    </MS>
  </Obj>
  <Obj RefId="87">
    <TNRef RefId="0" />
    <MS>
      <DT N="Completion time">2022-07-28T09:44:34</DT>
      <S N="Salesforce Case Number">02048100</S>
      <S N="Feature(s) To Cleanup">PME</S>
      <Obj N="ExpiryDate" RefId="88">
        <DT>2022-08-04T09:44:34</DT>
        <MS>
          <Obj N="DisplayHint" RefId="89">
            <TNRef RefId="1" />
            <ToString>DateTime</ToString>
            <I32>2</I32>
          </Obj>
        </MS>
      </Obj>
      <S N="ExpiredRequest">TRUE</S>
    </MS>
  </Obj>
  <Obj RefId="90">
    <TNRef RefId="0" />
    <MS>
      <DT N="Completion time">2022-07-28T11:26:54</DT>
      <S N="Salesforce Case Number">02048168</S>
      <S N="Feature(s) To Cleanup">Take Control</S>
      <Obj N="ExpiryDate" RefId="91">
        <DT>2022-08-04T11:26:54</DT>
        <MS>
          <Obj N="DisplayHint" RefId="92">
            <TNRef RefId="1" />
            <ToString>DateTime</ToString>
            <I32>2</I32>
          </Obj>
        </MS>
      </Obj>
      <S N="ExpiredRequest">TRUE</S>
    </MS>
  </Obj>
  <Obj RefId="93">
    <TNRef RefId="0" />
    <MS>
      <DT N="Completion time">2022-07-28T11:37:53</DT>
      <S N="Salesforce Case Number">02048168</S>
      <S N="Feature(s) To Cleanup">Take Control</S>
      <Obj N="ExpiryDate" RefId="94">
        <DT>2022-08-04T11:37:53</DT>
        <MS>
          <Obj N="DisplayHint" RefId="95">
            <TNRef RefId="1" />
            <ToString>DateTime</ToString>
            <I32>2</I32>
          </Obj>
        </MS>
      </Obj>
      <S N="ExpiredRequest">TRUE</S>
    </MS>
  </Obj>
  <Obj RefId="96">
    <TNRef RefId="0" />
    <MS>
      <DT N="Completion time">2022-07-28T11:45:48</DT>
      <S N="Salesforce Case Number">02048168</S>
      <S N="Feature(s) To Cleanup">Take Control</S>
      <Obj N="ExpiryDate" RefId="97">
        <DT>2022-08-04T11:45:48</DT>
        <MS>
          <Obj N="DisplayHint" RefId="98">
            <TNRef RefId="1" />
            <ToString>DateTime</ToString>
            <I32>2</I32>
          </Obj>
        </MS>
      </Obj>
      <S N="ExpiredRequest">TRUE</S>
    </MS>
  </Obj>
  <Obj RefId="99">
    <TNRef RefId="0" />
    <MS>
      <DT N="Completion time">2022-07-28T12:57:27</DT>
      <S N="Salesforce Case Number">02048191</S>
      <S N="Feature(s) To Cleanup">PME</S>
      <Obj N="ExpiryDate" RefId="100">
        <DT>2022-08-04T12:57:27</DT>
        <MS>
          <Obj N="DisplayHint" RefId="101">
            <TNRef RefId="1" />
            <ToString>DateTime</ToString>
            <I32>2</I32>
          </Obj>
        </MS>
      </Obj>
      <S N="ExpiredRequest">TRUE</S>
    </MS>
  </Obj>
  <Obj RefId="102">
    <TNRef RefId="0" />
    <MS>
      <DT N="Completion time">2022-07-28T14:07:31</DT>
      <S N="Salesforce Case Number">02048191</S>
      <S N="Feature(s) To Cleanup">PME</S>
      <Obj N="ExpiryDate" RefId="103">
        <DT>2022-08-04T14:07:31</DT>
        <MS>
          <Obj N="DisplayHint" RefId="104">
            <TNRef RefId="1" />
            <ToString>DateTime</ToString>
            <I32>2</I32>
          </Obj>
        </MS>
      </Obj>
      <S N="ExpiredRequest">TRUE</S>
    </MS>
  </Obj>
  <Obj RefId="105">
    <TNRef RefId="0" />
    <MS>
      <DT N="Completion time">2022-07-28T16:05:08</DT>
      <S N="Salesforce Case Number">02048155</S>
      <S N="Feature(s) To Cleanup">PME</S>
      <Obj N="ExpiryDate" RefId="106">
        <DT>2022-08-04T16:05:08</DT>
        <MS>
          <Obj N="DisplayHint" RefId="107">
            <TNRef RefId="1" />
            <ToString>DateTime</ToString>
            <I32>2</I32>
          </Obj>
        </MS>
      </Obj>
      <S N="ExpiredRequest">TRUE</S>
    </MS>
  </Obj>
  <Obj RefId="108">
    <TNRef RefId="0" />
    <MS>
      <DT N="Completion time">2022-07-29T03:05:20</DT>
      <S N="Salesforce Case Number">02042606</S>
      <S N="Feature(s) To Cleanup">Take Control</S>
      <Obj N="ExpiryDate" RefId="109">
        <DT>2022-08-05T03:05:20</DT>
        <MS>
          <Obj N="DisplayHint" RefId="110">
            <TNRef RefId="1" />
            <ToString>DateTime</ToString>
            <I32>2</I32>
          </Obj>
        </MS>
      </Obj>
      <S N="ExpiredRequest">TRUE</S>
    </MS>
  </Obj>
  <Obj RefId="111">
    <TNRef RefId="0" />
    <MS>
      <DT N="Completion time">2022-07-29T12:30:12</DT>
      <S N="Salesforce Case Number">02049047</S>
      <S N="Feature(s) To Cleanup">N-central Windows Agent</S>
      <Obj N="ExpiryDate" RefId="112">
        <DT>2022-08-05T12:30:12</DT>
        <MS>
          <Obj N="DisplayHint" RefId="113">
            <TNRef RefId="1" />
            <ToString>DateTime</ToString>
            <I32>2</I32>
          </Obj>
        </MS>
      </Obj>
      <S N="ExpiredRequest">TRUE</S>
    </MS>
  </Obj>
  <Obj RefId="114">
    <TNRef RefId="0" />
    <MS>
      <DT N="Completion time">2022-07-29T13:48:48</DT>
      <S N="Salesforce Case Number">02049057</S>
      <S N="Feature(s) To Cleanup">PME</S>
      <Obj N="ExpiryDate" RefId="115">
        <DT>2022-08-05T13:48:48</DT>
        <MS>
          <Obj N="DisplayHint" RefId="116">
            <TNRef RefId="1" />
            <ToString>DateTime</ToString>
            <I32>2</I32>
          </Obj>
        </MS>
      </Obj>
      <S N="ExpiredRequest">TRUE</S>
    </MS>
  </Obj>
  <Obj RefId="117">
    <TNRef RefId="0" />
    <MS>
      <DT N="Completion time">2022-07-29T15:18:37</DT>
      <S N="Salesforce Case Number">01988981</S>
      <S N="Feature(s) To Cleanup">PME</S>
      <Obj N="ExpiryDate" RefId="118">
        <DT>2022-08-05T15:18:37</DT>
        <MS>
          <Obj N="DisplayHint" RefId="119">
            <TNRef RefId="1" />
            <ToString>DateTime</ToString>
            <I32>2</I32>
          </Obj>
        </MS>
      </Obj>
      <S N="ExpiredRequest">TRUE</S>
    </MS>
  </Obj>
  <Obj RefId="120">
    <TNRef RefId="0" />
    <MS>
      <DT N="Completion time">2022-07-29T15:25:47</DT>
      <S N="Salesforce Case Number">01988981</S>
      <S N="Feature(s) To Cleanup">PME</S>
      <Obj N="ExpiryDate" RefId="121">
        <DT>2022-08-05T15:25:47</DT>
        <MS>
          <Obj N="DisplayHint" RefId="122">
            <TNRef RefId="1" />
            <ToString>DateTime</ToString>
            <I32>2</I32>
          </Obj>
        </MS>
      </Obj>
      <S N="ExpiredRequest">TRUE</S>
    </MS>
  </Obj>
  <Obj RefId="123">
    <TNRef RefId="0" />
    <MS>
      <DT N="Completion time">2022-07-29T19:21:23</DT>
      <S N="Salesforce Case Number">02047647</S>
      <S N="Feature(s) To Cleanup">N-central Windows Agent</S>
      <Obj N="ExpiryDate" RefId="124">
        <DT>2022-08-05T19:21:23</DT>
        <MS>
          <Obj N="DisplayHint" RefId="125">
            <TNRef RefId="1" />
            <ToString>DateTime</ToString>
            <I32>2</I32>
          </Obj>
        </MS>
      </Obj>
      <S N="ExpiredRequest">TRUE</S>
    </MS>
  </Obj>
  <Obj RefId="126">
    <TNRef RefId="0" />
    <MS>
      <DT N="Completion time">2022-08-01T09:17:07</DT>
      <S N="Salesforce Case Number">02050037</S>
      <S N="Feature(s) To Cleanup">PME</S>
      <Obj N="ExpiryDate" RefId="127">
        <DT>2022-08-08T09:17:07</DT>
        <MS>
          <Obj N="DisplayHint" RefId="128">
            <TNRef RefId="1" />
            <ToString>DateTime</ToString>
            <I32>2</I32>
          </Obj>
        </MS>
      </Obj>
      <S N="ExpiredRequest">TRUE</S>
    </MS>
  </Obj>
  <Obj RefId="129">
    <TNRef RefId="0" />
    <MS>
      <DT N="Completion time">2022-08-01T09:20:18</DT>
      <S N="Salesforce Case Number">02050037</S>
      <S N="Feature(s) To Cleanup">PME</S>
      <Obj N="ExpiryDate" RefId="130">
        <DT>2022-08-08T09:20:18</DT>
        <MS>
          <Obj N="DisplayHint" RefId="131">
            <TNRef RefId="1" />
            <ToString>DateTime</ToString>
            <I32>2</I32>
          </Obj>
        </MS>
      </Obj>
      <S N="ExpiredRequest">TRUE</S>
    </MS>
  </Obj>
  <Obj RefId="132">
    <TNRef RefId="0" />
    <MS>
      <DT N="Completion time">2022-08-01T09:26:01</DT>
      <Db N="Salesforce Case Number">2050039</Db>
      <S N="Feature(s) To Cleanup">Take Control</S>
      <Obj N="ExpiryDate" RefId="133">
        <DT>2022-08-08T09:26:01</DT>
        <MS>
          <Obj N="DisplayHint" RefId="134">
            <TNRef RefId="1" />
            <ToString>DateTime</ToString>
            <I32>2</I32>
          </Obj>
        </MS>
      </Obj>
      <S N="ExpiredRequest">TRUE</S>
    </MS>
  </Obj>
  <Obj RefId="135">
    <TNRef RefId="0" />
    <MS>
      <DT N="Completion time">2022-08-01T13:15:51</DT>
      <S N="Salesforce Case Number">02038880</S>
      <S N="Feature(s) To Cleanup">N-central Windows Agent</S>
      <Obj N="ExpiryDate" RefId="136">
        <DT>2022-08-08T13:15:51</DT>
        <MS>
          <Obj N="DisplayHint" RefId="137">
            <TNRef RefId="1" />
            <ToString>DateTime</ToString>
            <I32>2</I32>
          </Obj>
        </MS>
      </Obj>
      <S N="ExpiredRequest">TRUE</S>
    </MS>
  </Obj>
  <Obj RefId="138">
    <TNRef RefId="0" />
    <MS>
      <DT N="Completion time">2022-08-01T14:15:01</DT>
      <S N="Salesforce Case Number">02050183</S>
      <S N="Feature(s) To Cleanup">Take Control</S>
      <Obj N="ExpiryDate" RefId="139">
        <DT>2022-08-08T14:15:01</DT>
        <MS>
          <Obj N="DisplayHint" RefId="140">
            <TNRef RefId="1" />
            <ToString>DateTime</ToString>
            <I32>2</I32>
          </Obj>
        </MS>
      </Obj>
      <S N="ExpiredRequest">TRUE</S>
    </MS>
  </Obj>
  <Obj RefId="141">
    <TNRef RefId="0" />
    <MS>
      <DT N="Completion time">2022-08-01T14:43:44</DT>
      <S N="Salesforce Case Number">02050212</S>
      <S N="Feature(s) To Cleanup">Take Control</S>
      <Obj N="ExpiryDate" RefId="142">
        <DT>2022-08-08T14:43:44</DT>
        <MS>
          <Obj N="DisplayHint" RefId="143">
            <TNRef RefId="1" />
            <ToString>DateTime</ToString>
            <I32>2</I32>
          </Obj>
        </MS>
      </Obj>
      <S N="ExpiredRequest">TRUE</S>
    </MS>
  </Obj>
  <Obj RefId="144">
    <TNRef RefId="0" />
    <MS>
      <DT N="Completion time">2022-08-01T15:00:45</DT>
      <S N="Salesforce Case Number">02050212</S>
      <S N="Feature(s) To Cleanup">Take Control</S>
      <Obj N="ExpiryDate" RefId="145">
        <DT>2022-08-08T15:00:45</DT>
        <MS>
          <Obj N="DisplayHint" RefId="146">
            <TNRef RefId="1" />
            <ToString>DateTime</ToString>
            <I32>2</I32>
          </Obj>
        </MS>
      </Obj>
      <S N="ExpiredRequest">TRUE</S>
    </MS>
  </Obj>
  <Obj RefId="147">
    <TNRef RefId="0" />
    <MS>
      <DT N="Completion time">2022-08-01T15:45:40</DT>
      <S N="Salesforce Case Number">02050272</S>
      <S N="Feature(s) To Cleanup">PME</S>
      <Obj N="ExpiryDate" RefId="148">
        <DT>2022-08-08T15:45:40</DT>
        <MS>
          <Obj N="DisplayHint" RefId="149">
            <TNRef RefId="1" />
            <ToString>DateTime</ToString>
            <I32>2</I32>
          </Obj>
        </MS>
      </Obj>
      <S N="ExpiredRequest">TRUE</S>
    </MS>
  </Obj>
  <Obj RefId="150">
    <TNRef RefId="0" />
    <MS>
      <DT N="Completion time">2022-08-01T15:47:40</DT>
      <S N="Salesforce Case Number">02045162</S>
      <S N="Feature(s) To Cleanup">PME</S>
      <Obj N="ExpiryDate" RefId="151">
        <DT>2022-08-08T15:47:40</DT>
        <MS>
          <Obj N="DisplayHint" RefId="152">
            <TNRef RefId="1" />
            <ToString>DateTime</ToString>
            <I32>2</I32>
          </Obj>
        </MS>
      </Obj>
      <S N="ExpiredRequest">TRUE</S>
    </MS>
  </Obj>
  <Obj RefId="153">
    <TNRef RefId="0" />
    <MS>
      <DT N="Completion time">2022-08-01T15:56:40</DT>
      <S N="Salesforce Case Number">02032843</S>
      <S N="Feature(s) To Cleanup">PME</S>
      <Obj N="ExpiryDate" RefId="154">
        <DT>2022-08-08T15:56:40</DT>
        <MS>
          <Obj N="DisplayHint" RefId="155">
            <TNRef RefId="1" />
            <ToString>DateTime</ToString>
            <I32>2</I32>
          </Obj>
        </MS>
      </Obj>
      <S N="ExpiredRequest">TRUE</S>
    </MS>
  </Obj>
  <Obj RefId="156">
    <TNRef RefId="0" />
    <MS>
      <DT N="Completion time">2022-08-01T17:33:09</DT>
      <S N="Salesforce Case Number">02032142</S>
      <S N="Feature(s) To Cleanup">PME</S>
      <Obj N="ExpiryDate" RefId="157">
        <DT>2022-08-08T17:33:09</DT>
        <MS>
          <Obj N="DisplayHint" RefId="158">
            <TNRef RefId="1" />
            <ToString>DateTime</ToString>
            <I32>2</I32>
          </Obj>
        </MS>
      </Obj>
      <S N="ExpiredRequest">TRUE</S>
    </MS>
  </Obj>
  <Obj RefId="159">
    <TNRef RefId="0" />
    <MS>
      <DT N="Completion time">2022-08-01T17:59:25</DT>
      <S N="Salesforce Case Number">02049737</S>
      <S N="Feature(s) To Cleanup">Take Control</S>
      <Obj N="ExpiryDate" RefId="160">
        <DT>2022-08-08T17:59:25</DT>
        <MS>
          <Obj N="DisplayHint" RefId="161">
            <TNRef RefId="1" />
            <ToString>DateTime</ToString>
            <I32>2</I32>
          </Obj>
        </MS>
      </Obj>
      <S N="ExpiredRequest">TRUE</S>
    </MS>
  </Obj>
  <Obj RefId="162">
    <TNRef RefId="0" />
    <MS>
      <DT N="Completion time">2022-08-01T19:22:47</DT>
      <S N="Salesforce Case Number">02049547</S>
      <S N="Feature(s) To Cleanup">Take Control</S>
      <Obj N="ExpiryDate" RefId="163">
        <DT>2022-08-08T19:22:47</DT>
        <MS>
          <Obj N="DisplayHint" RefId="164">
            <TNRef RefId="1" />
            <ToString>DateTime</ToString>
            <I32>2</I32>
          </Obj>
        </MS>
      </Obj>
      <S N="ExpiredRequest">TRUE</S>
    </MS>
  </Obj>
  <Obj RefId="165">
    <TNRef RefId="0" />
    <MS>
      <DT N="Completion time">2022-08-02T02:23:51</DT>
      <S N="Salesforce Case Number">02050626</S>
      <S N="Feature(s) To Cleanup">N-central Windows Agent</S>
      <Obj N="ExpiryDate" RefId="166">
        <DT>2022-08-09T02:23:51</DT>
        <MS>
          <Obj N="DisplayHint" RefId="167">
            <TNRef RefId="1" />
            <ToString>DateTime</ToString>
            <I32>2</I32>
          </Obj>
        </MS>
      </Obj>
      <S N="ExpiredRequest">TRUE</S>
    </MS>
  </Obj>
  <Obj RefId="168">
    <TNRef RefId="0" />
    <MS>
      <DT N="Completion time">2022-08-02T03:51:53</DT>
      <S N="Salesforce Case Number">02050626</S>
      <S N="Feature(s) To Cleanup">N-central Windows Agent</S>
      <Obj N="ExpiryDate" RefId="169">
        <DT>2022-08-09T03:51:53</DT>
        <MS>
          <Obj N="DisplayHint" RefId="170">
            <TNRef RefId="1" />
            <ToString>DateTime</ToString>
            <I32>2</I32>
          </Obj>
        </MS>
      </Obj>
      <S N="ExpiredRequest">TRUE</S>
    </MS>
  </Obj>
  <Obj RefId="171">
    <TNRef RefId="0" />
    <MS>
      <DT N="Completion time">2022-08-02T08:58:22</DT>
      <S N="Salesforce Case Number">02050156</S>
      <S N="Feature(s) To Cleanup">PME</S>
      <Obj N="ExpiryDate" RefId="172">
        <DT>2022-08-09T08:58:22</DT>
        <MS>
          <Obj N="DisplayHint" RefId="173">
            <TNRef RefId="1" />
            <ToString>DateTime</ToString>
            <I32>2</I32>
          </Obj>
        </MS>
      </Obj>
      <S N="ExpiredRequest">TRUE</S>
    </MS>
  </Obj>
  <Obj RefId="174">
    <TNRef RefId="0" />
    <MS>
      <DT N="Completion time">2022-08-02T11:39:40</DT>
      <S N="Salesforce Case Number">02048158</S>
      <S N="Feature(s) To Cleanup">PME</S>
      <Obj N="ExpiryDate" RefId="175">
        <DT>2022-08-09T11:39:40</DT>
        <MS>
          <Obj N="DisplayHint" RefId="176">
            <TNRef RefId="1" />
            <ToString>DateTime</ToString>
            <I32>2</I32>
          </Obj>
        </MS>
      </Obj>
      <S N="ExpiredRequest">TRUE</S>
    </MS>
  </Obj>
  <Obj RefId="177">
    <TNRef RefId="0" />
    <MS>
      <DT N="Completion time">2022-08-02T11:52:48</DT>
      <S N="Salesforce Case Number">02033925</S>
      <S N="Feature(s) To Cleanup">PME</S>
      <Obj N="ExpiryDate" RefId="178">
        <DT>2022-08-09T11:52:48</DT>
        <MS>
          <Obj N="DisplayHint" RefId="179">
            <TNRef RefId="1" />
            <ToString>DateTime</ToString>
            <I32>2</I32>
          </Obj>
        </MS>
      </Obj>
      <S N="ExpiredRequest">TRUE</S>
    </MS>
  </Obj>
  <Obj RefId="180">
    <TNRef RefId="0" />
    <MS>
      <DT N="Completion time">2022-08-02T12:41:50</DT>
      <S N="Salesforce Case Number">02050837</S>
      <S N="Feature(s) To Cleanup">Take Control</S>
      <Obj N="ExpiryDate" RefId="181">
        <DT>2022-08-09T12:41:50</DT>
        <MS>
          <Obj N="DisplayHint" RefId="182">
            <TNRef RefId="1" />
            <ToString>DateTime</ToString>
            <I32>2</I32>
          </Obj>
        </MS>
      </Obj>
      <S N="ExpiredRequest">TRUE</S>
    </MS>
  </Obj>
  <Obj RefId="183">
    <TNRef RefId="0" />
    <MS>
      <DT N="Completion time">2022-08-02T12:49:45</DT>
      <S N="Salesforce Case Number">02050793</S>
      <S N="Feature(s) To Cleanup">PME</S>
      <Obj N="ExpiryDate" RefId="184">
        <DT>2022-08-09T12:49:45</DT>
        <MS>
          <Obj N="DisplayHint" RefId="185">
            <TNRef RefId="1" />
            <ToString>DateTime</ToString>
            <I32>2</I32>
          </Obj>
        </MS>
      </Obj>
      <S N="ExpiredRequest">TRUE</S>
    </MS>
  </Obj>
  <Obj RefId="186">
    <TNRef RefId="0" />
    <MS>
      <DT N="Completion time">2022-08-02T14:14:04</DT>
      <S N="Salesforce Case Number">02036844</S>
      <S N="Feature(s) To Cleanup">PME</S>
      <Obj N="ExpiryDate" RefId="187">
        <DT>2022-08-09T14:14:04</DT>
        <MS>
          <Obj N="DisplayHint" RefId="188">
            <TNRef RefId="1" />
            <ToString>DateTime</ToString>
            <I32>2</I32>
          </Obj>
        </MS>
      </Obj>
      <S N="ExpiredRequest">TRUE</S>
    </MS>
  </Obj>
  <Obj RefId="189">
    <TNRef RefId="0" />
    <MS>
      <DT N="Completion time">2022-08-02T15:01:24</DT>
      <S N="Salesforce Case Number">02036826</S>
      <S N="Feature(s) To Cleanup">Take Control</S>
      <Obj N="ExpiryDate" RefId="190">
        <DT>2022-08-09T15:01:24</DT>
        <MS>
          <Obj N="DisplayHint" RefId="191">
            <TNRef RefId="1" />
            <ToString>DateTime</ToString>
            <I32>2</I32>
          </Obj>
        </MS>
      </Obj>
      <S N="ExpiredRequest">TRUE</S>
    </MS>
  </Obj>
  <Obj RefId="192">
    <TNRef RefId="0" />
    <MS>
      <DT N="Completion time">2022-08-03T03:21:54</DT>
      <S N="Salesforce Case Number">02050606</S>
      <S N="Feature(s) To Cleanup">Take Control</S>
      <Obj N="ExpiryDate" RefId="193">
        <DT>2022-08-10T03:21:54</DT>
        <MS>
          <Obj N="DisplayHint" RefId="194">
            <TNRef RefId="1" />
            <ToString>DateTime</ToString>
            <I32>2</I32>
          </Obj>
        </MS>
      </Obj>
      <S N="ExpiredRequest">TRUE</S>
    </MS>
  </Obj>
  <Obj RefId="195">
    <TNRef RefId="0" />
    <MS>
      <DT N="Completion time">2022-08-03T05:00:19</DT>
      <S N="Salesforce Case Number">02047110</S>
      <S N="Feature(s) To Cleanup">PME</S>
      <Obj N="ExpiryDate" RefId="196">
        <DT>2022-08-10T05:00:19</DT>
        <MS>
          <Obj N="DisplayHint" RefId="197">
            <TNRef RefId="1" />
            <ToString>DateTime</ToString>
            <I32>2</I32>
          </Obj>
        </MS>
      </Obj>
      <S N="ExpiredRequest">TRUE</S>
    </MS>
  </Obj>
  <Obj RefId="198">
    <TNRef RefId="0" />
    <MS>
      <DT N="Completion time">2022-08-03T08:25:47</DT>
      <S N="Salesforce Case Number">02050739</S>
      <S N="Feature(s) To Cleanup">Take Control</S>
      <Obj N="ExpiryDate" RefId="199">
        <DT>2022-08-10T08:25:47</DT>
        <MS>
          <Obj N="DisplayHint" RefId="200">
            <TNRef RefId="1" />
            <ToString>DateTime</ToString>
            <I32>2</I32>
          </Obj>
        </MS>
      </Obj>
      <S N="ExpiredRequest">TRUE</S>
    </MS>
  </Obj>
  <Obj RefId="201">
    <TNRef RefId="0" />
    <MS>
      <DT N="Completion time">2022-08-03T11:27:34</DT>
      <S N="Salesforce Case Number">02047325</S>
      <S N="Feature(s) To Cleanup">PME</S>
      <Obj N="ExpiryDate" RefId="202">
        <DT>2022-08-10T11:27:34</DT>
        <MS>
          <Obj N="DisplayHint" RefId="203">
            <TNRef RefId="1" />
            <ToString>DateTime</ToString>
            <I32>2</I32>
          </Obj>
        </MS>
      </Obj>
      <S N="ExpiredRequest">TRUE</S>
    </MS>
  </Obj>
  <Obj RefId="204">
    <TNRef RefId="0" />
    <MS>
      <DT N="Completion time">2022-08-03T13:24:23</DT>
      <S N="Salesforce Case Number">02051466</S>
      <S N="Feature(s) To Cleanup">PME</S>
      <Obj N="ExpiryDate" RefId="205">
        <DT>2022-08-10T13:24:23</DT>
        <MS>
          <Obj N="DisplayHint" RefId="206">
            <TNRef RefId="1" />
            <ToString>DateTime</ToString>
            <I32>2</I32>
          </Obj>
        </MS>
      </Obj>
      <S N="ExpiredRequest">TRUE</S>
    </MS>
  </Obj>
  <Obj RefId="207">
    <TNRef RefId="0" />
    <MS>
      <DT N="Completion time">2022-08-03T16:12:53</DT>
      <S N="Salesforce Case Number">02051726</S>
      <S N="Feature(s) To Cleanup">Take Control</S>
      <Obj N="ExpiryDate" RefId="208">
        <DT>2022-08-10T16:12:53</DT>
        <MS>
          <Obj N="DisplayHint" RefId="209">
            <TNRef RefId="1" />
            <ToString>DateTime</ToString>
            <I32>2</I32>
          </Obj>
        </MS>
      </Obj>
      <S N="ExpiredRequest">TRUE</S>
    </MS>
  </Obj>
  <Obj RefId="210">
    <TNRef RefId="0" />
    <MS>
      <DT N="Completion time">2022-08-03T16:33:16</DT>
      <S N="Salesforce Case Number">02050711</S>
      <S N="Feature(s) To Cleanup">PME</S>
      <Obj N="ExpiryDate" RefId="211">
        <DT>2022-08-10T16:33:16</DT>
        <MS>
          <Obj N="DisplayHint" RefId="212">
            <TNRef RefId="1" />
            <ToString>DateTime</ToString>
            <I32>2</I32>
          </Obj>
        </MS>
      </Obj>
      <S N="ExpiredRequest">TRUE</S>
    </MS>
  </Obj>
  <Obj RefId="213">
    <TNRef RefId="0" />
    <MS>
      <DT N="Completion time">2022-08-04T05:03:51</DT>
      <S N="Salesforce Case Number">02052302</S>
      <S N="Feature(s) To Cleanup">Take Control</S>
      <Obj N="ExpiryDate" RefId="214">
        <DT>2022-08-11T05:03:51</DT>
        <MS>
          <Obj N="DisplayHint" RefId="215">
            <TNRef RefId="1" />
            <ToString>DateTime</ToString>
            <I32>2</I32>
          </Obj>
        </MS>
      </Obj>
      <S N="ExpiredRequest">TRUE</S>
    </MS>
  </Obj>
  <Obj RefId="216">
    <TNRef RefId="0" />
    <MS>
      <DT N="Completion time">2022-08-04T08:41:55</DT>
      <S N="Salesforce Case Number">02052317</S>
      <S N="Feature(s) To Cleanup">N-central Windows Agent</S>
      <Obj N="ExpiryDate" RefId="217">
        <DT>2022-08-11T08:41:55</DT>
        <MS>
          <Obj N="DisplayHint" RefId="218">
            <TNRef RefId="1" />
            <ToString>DateTime</ToString>
            <I32>2</I32>
          </Obj>
        </MS>
      </Obj>
      <S N="ExpiredRequest">TRUE</S>
    </MS>
  </Obj>
  <Obj RefId="219">
    <TNRef RefId="0" />
    <MS>
      <DT N="Completion time">2022-08-04T09:28:02</DT>
      <S N="Salesforce Case Number">02037688</S>
      <S N="Feature(s) To Cleanup">N-central Windows Agent</S>
      <Obj N="ExpiryDate" RefId="220">
        <DT>2022-08-11T09:28:02</DT>
        <MS>
          <Obj N="DisplayHint" RefId="221">
            <TNRef RefId="1" />
            <ToString>DateTime</ToString>
            <I32>2</I32>
          </Obj>
        </MS>
      </Obj>
      <S N="ExpiredRequest">TRUE</S>
    </MS>
  </Obj>
  <Obj RefId="222">
    <TNRef RefId="0" />
    <MS>
      <DT N="Completion time">2022-08-04T10:03:25</DT>
      <S N="Salesforce Case Number">02037688</S>
      <S N="Feature(s) To Cleanup">N-central Windows Agent</S>
      <Obj N="ExpiryDate" RefId="223">
        <DT>2022-08-11T10:03:25</DT>
        <MS>
          <Obj N="DisplayHint" RefId="224">
            <TNRef RefId="1" />
            <ToString>DateTime</ToString>
            <I32>2</I32>
          </Obj>
        </MS>
      </Obj>
      <S N="ExpiredRequest">TRUE</S>
    </MS>
  </Obj>
  <Obj RefId="225">
    <TNRef RefId="0" />
    <MS>
      <DT N="Completion time">2022-08-04T10:35:06</DT>
      <S N="Salesforce Case Number">02049031</S>
      <S N="Feature(s) To Cleanup">PME</S>
      <Obj N="ExpiryDate" RefId="226">
        <DT>2022-08-11T10:35:06</DT>
        <MS>
          <Obj N="DisplayHint" RefId="227">
            <TNRef RefId="1" />
            <ToString>DateTime</ToString>
            <I32>2</I32>
          </Obj>
        </MS>
      </Obj>
      <S N="ExpiredRequest">TRUE</S>
    </MS>
  </Obj>
  <Obj RefId="228">
    <TNRef RefId="0" />
    <MS>
      <DT N="Completion time">2022-08-04T16:01:10</DT>
      <S N="Salesforce Case Number">02031194</S>
      <S N="Feature(s) To Cleanup">PME</S>
      <Obj N="ExpiryDate" RefId="229">
        <DT>2022-08-11T16:01:10</DT>
        <MS>
          <Obj N="DisplayHint" RefId="230">
            <TNRef RefId="1" />
            <ToString>DateTime</ToString>
            <I32>2</I32>
          </Obj>
        </MS>
      </Obj>
      <S N="ExpiredRequest">TRUE</S>
    </MS>
  </Obj>
  <Obj RefId="231">
    <TNRef RefId="0" />
    <MS>
      <DT N="Completion time">2022-08-04T16:38:20</DT>
      <S N="Salesforce Case Number">01819266</S>
      <S N="Feature(s) To Cleanup">PME</S>
      <Obj N="ExpiryDate" RefId="232">
        <DT>2022-08-11T16:38:20</DT>
        <MS>
          <Obj N="DisplayHint" RefId="233">
            <TNRef RefId="1" />
            <ToString>DateTime</ToString>
            <I32>2</I32>
          </Obj>
        </MS>
      </Obj>
      <S N="ExpiredRequest">TRUE</S>
    </MS>
  </Obj>
  <Obj RefId="234">
    <TNRef RefId="0" />
    <MS>
      <DT N="Completion time">2022-08-04T19:25:01</DT>
      <S N="Salesforce Case Number">02052922</S>
      <S N="Feature(s) To Cleanup">Take Control</S>
      <Obj N="ExpiryDate" RefId="235">
        <DT>2022-08-11T19:25:01</DT>
        <MS>
          <Obj N="DisplayHint" RefId="236">
            <TNRef RefId="1" />
            <ToString>DateTime</ToString>
            <I32>2</I32>
          </Obj>
        </MS>
      </Obj>
      <S N="ExpiredRequest">TRUE</S>
    </MS>
  </Obj>
  <Obj RefId="237">
    <TNRef RefId="0" />
    <MS>
      <DT N="Completion time">2022-08-05T00:08:28</DT>
      <S N="Salesforce Case Number">02053088</S>
      <S N="Feature(s) To Cleanup">PME</S>
      <Obj N="ExpiryDate" RefId="238">
        <DT>2022-08-12T00:08:28</DT>
        <MS>
          <Obj N="DisplayHint" RefId="239">
            <TNRef RefId="1" />
            <ToString>DateTime</ToString>
            <I32>2</I32>
          </Obj>
        </MS>
      </Obj>
      <S N="ExpiredRequest">TRUE</S>
    </MS>
  </Obj>
  <Obj RefId="240">
    <TNRef RefId="0" />
    <MS>
      <DT N="Completion time">2022-08-05T00:40:10</DT>
      <S N="Salesforce Case Number">02053088</S>
      <S N="Feature(s) To Cleanup">PME</S>
      <Obj N="ExpiryDate" RefId="241">
        <DT>2022-08-12T00:40:10</DT>
        <MS>
          <Obj N="DisplayHint" RefId="242">
            <TNRef RefId="1" />
            <ToString>DateTime</ToString>
            <I32>2</I32>
          </Obj>
        </MS>
      </Obj>
      <S N="ExpiredRequest">TRUE</S>
    </MS>
  </Obj>
  <Obj RefId="243">
    <TNRef RefId="0" />
    <MS>
      <DT N="Completion time">2022-08-05T07:06:43</DT>
      <S N="Salesforce Case Number">02053213</S>
      <S N="Feature(s) To Cleanup">Take Control</S>
      <Obj N="ExpiryDate" RefId="244">
        <DT>2022-08-12T07:06:43</DT>
        <MS>
          <Obj N="DisplayHint" RefId="245">
            <TNRef RefId="1" />
            <ToString>DateTime</ToString>
            <I32>2</I32>
          </Obj>
        </MS>
      </Obj>
      <S N="ExpiredRequest">TRUE</S>
    </MS>
  </Obj>
  <Obj RefId="246">
    <TNRef RefId="0" />
    <MS>
      <DT N="Completion time">2022-08-05T07:54:58</DT>
      <S N="Salesforce Case Number">02038873</S>
      <S N="Feature(s) To Cleanup">PME</S>
      <Obj N="ExpiryDate" RefId="247">
        <DT>2022-08-12T07:54:58</DT>
        <MS>
          <Obj N="DisplayHint" RefId="248">
            <TNRef RefId="1" />
            <ToString>DateTime</ToString>
            <I32>2</I32>
          </Obj>
        </MS>
      </Obj>
      <S N="ExpiredRequest">TRUE</S>
    </MS>
  </Obj>
  <Obj RefId="249">
    <TNRef RefId="0" />
    <MS>
      <DT N="Completion time">2022-08-05T10:01:23</DT>
      <S N="Salesforce Case Number">02043063</S>
      <S N="Feature(s) To Cleanup">PME</S>
      <Obj N="ExpiryDate" RefId="250">
        <DT>2022-08-12T10:01:23</DT>
        <MS>
          <Obj N="DisplayHint" RefId="251">
            <TNRef RefId="1" />
            <ToString>DateTime</ToString>
            <I32>2</I32>
          </Obj>
        </MS>
      </Obj>
      <S N="ExpiredRequest">TRUE</S>
    </MS>
  </Obj>
  <Obj RefId="252">
    <TNRef RefId="0" />
    <MS>
      <DT N="Completion time">2022-08-05T14:32:33</DT>
      <S N="Salesforce Case Number">02033531</S>
      <S N="Feature(s) To Cleanup">PME</S>
      <Obj N="ExpiryDate" RefId="253">
        <DT>2022-08-12T14:32:33</DT>
        <MS>
          <Obj N="DisplayHint" RefId="254">
            <TNRef RefId="1" />
            <ToString>DateTime</ToString>
            <I32>2</I32>
          </Obj>
        </MS>
      </Obj>
      <S N="ExpiredRequest">TRUE</S>
    </MS>
  </Obj>
  <Obj RefId="255">
    <TNRef RefId="0" />
    <MS>
      <DT N="Completion time">2022-08-05T14:39:25</DT>
      <S N="Salesforce Case Number">02053470</S>
      <S N="Feature(s) To Cleanup">Take Control</S>
      <Obj N="ExpiryDate" RefId="256">
        <DT>2022-08-12T14:39:25</DT>
        <MS>
          <Obj N="DisplayHint" RefId="257">
            <TNRef RefId="1" />
            <ToString>DateTime</ToString>
            <I32>2</I32>
          </Obj>
        </MS>
      </Obj>
      <S N="ExpiredRequest">TRUE</S>
    </MS>
  </Obj>
  <Obj RefId="258">
    <TNRef RefId="0" />
    <MS>
      <DT N="Completion time">2022-08-05T15:03:17</DT>
      <S N="Salesforce Case Number">02024392</S>
      <S N="Feature(s) To Cleanup">PME</S>
      <Obj N="ExpiryDate" RefId="259">
        <DT>2022-08-12T15:03:17</DT>
        <MS>
          <Obj N="DisplayHint" RefId="260">
            <TNRef RefId="1" />
            <ToString>DateTime</ToString>
            <I32>2</I32>
          </Obj>
        </MS>
      </Obj>
      <S N="ExpiredRequest">TRUE</S>
    </MS>
  </Obj>
  <Obj RefId="261">
    <TNRef RefId="0" />
    <MS>
      <DT N="Completion time">2022-08-05T16:52:15</DT>
      <S N="Salesforce Case Number">02053397</S>
      <S N="Feature(s) To Cleanup">PME</S>
      <Obj N="ExpiryDate" RefId="262">
        <DT>2022-08-12T16:52:15</DT>
        <MS>
          <Obj N="DisplayHint" RefId="263">
            <TNRef RefId="1" />
            <ToString>DateTime</ToString>
            <I32>2</I32>
          </Obj>
        </MS>
      </Obj>
      <S N="ExpiredRequest">TRUE</S>
    </MS>
  </Obj>
  <Obj RefId="264">
    <TNRef RefId="0" />
    <MS>
      <DT N="Completion time">2022-08-05T18:11:25</DT>
      <S N="Salesforce Case Number">02051050</S>
      <S N="Feature(s) To Cleanup">Take Control</S>
      <Obj N="ExpiryDate" RefId="265">
        <DT>2022-08-12T18:11:25</DT>
        <MS>
          <Obj N="DisplayHint" RefId="266">
            <TNRef RefId="1" />
            <ToString>DateTime</ToString>
            <I32>2</I32>
          </Obj>
        </MS>
      </Obj>
      <S N="ExpiredRequest">TRUE</S>
    </MS>
  </Obj>
  <Obj RefId="267">
    <TNRef RefId="0" />
    <MS>
      <DT N="Completion time">2022-08-05T18:39:45</DT>
      <S N="Salesforce Case Number">02032843</S>
      <S N="Feature(s) To Cleanup">PME</S>
      <Obj N="ExpiryDate" RefId="268">
        <DT>2022-08-12T18:39:45</DT>
        <MS>
          <Obj N="DisplayHint" RefId="269">
            <TNRef RefId="1" />
            <ToString>DateTime</ToString>
            <I32>2</I32>
          </Obj>
        </MS>
      </Obj>
      <S N="ExpiredRequest">TRUE</S>
    </MS>
  </Obj>
  <Obj RefId="270">
    <TNRef RefId="0" />
    <MS>
      <DT N="Completion time">2022-08-05T19:12:14</DT>
      <S N="Salesforce Case Number">02053673</S>
      <S N="Feature(s) To Cleanup">PME</S>
      <Obj N="ExpiryDate" RefId="271">
        <DT>2022-08-12T19:12:14</DT>
        <MS>
          <Obj N="DisplayHint" RefId="272">
            <TNRef RefId="1" />
            <ToString>DateTime</ToString>
            <I32>2</I32>
          </Obj>
        </MS>
      </Obj>
      <S N="ExpiredRequest">TRUE</S>
    </MS>
  </Obj>
  <Obj RefId="273">
    <TNRef RefId="0" />
    <MS>
      <DT N="Completion time">2022-08-05T19:17:25</DT>
      <S N="Salesforce Case Number">02053673</S>
      <S N="Feature(s) To Cleanup">PME</S>
      <Obj N="ExpiryDate" RefId="274">
        <DT>2022-08-12T19:17:25</DT>
        <MS>
          <Obj N="DisplayHint" RefId="275">
            <TNRef RefId="1" />
            <ToString>DateTime</ToString>
            <I32>2</I32>
          </Obj>
        </MS>
      </Obj>
      <S N="ExpiredRequest">TRUE</S>
    </MS>
  </Obj>
  <Obj RefId="276">
    <TNRef RefId="0" />
    <MS>
      <DT N="Completion time">2022-08-05T19:30:47</DT>
      <S N="Salesforce Case Number">02053084</S>
      <S N="Feature(s) To Cleanup">PME</S>
      <Obj N="ExpiryDate" RefId="277">
        <DT>2022-08-12T19:30:47</DT>
        <MS>
          <Obj N="DisplayHint" RefId="278">
            <TNRef RefId="1" />
            <ToString>DateTime</ToString>
            <I32>2</I32>
          </Obj>
        </MS>
      </Obj>
      <S N="ExpiredRequest">TRUE</S>
    </MS>
  </Obj>
  <Obj RefId="279">
    <TNRef RefId="0" />
    <MS>
      <DT N="Completion time">2022-08-07T09:54:30</DT>
      <S N="Salesforce Case Number">02053890</S>
      <S N="Feature(s) To Cleanup">PME</S>
      <Obj N="ExpiryDate" RefId="280">
        <DT>2022-08-14T09:54:30</DT>
        <MS>
          <Obj N="DisplayHint" RefId="281">
            <TNRef RefId="1" />
            <ToString>DateTime</ToString>
            <I32>2</I32>
          </Obj>
        </MS>
      </Obj>
      <S N="ExpiredRequest">TRUE</S>
    </MS>
  </Obj>
  <Obj RefId="282">
    <TNRef RefId="0" />
    <MS>
      <DT N="Completion time">2022-08-07T10:32:47</DT>
      <S N="Salesforce Case Number">02053890</S>
      <S N="Feature(s) To Cleanup">PME</S>
      <Obj N="ExpiryDate" RefId="283">
        <DT>2022-08-14T10:32:47</DT>
        <MS>
          <Obj N="DisplayHint" RefId="284">
            <TNRef RefId="1" />
            <ToString>DateTime</ToString>
            <I32>2</I32>
          </Obj>
        </MS>
      </Obj>
      <S N="ExpiredRequest">TRUE</S>
    </MS>
  </Obj>
  <Obj RefId="285">
    <TNRef RefId="0" />
    <MS>
      <DT N="Completion time">2022-08-08T08:23:26</DT>
      <S N="Salesforce Case Number">02053995</S>
      <S N="Feature(s) To Cleanup">PME</S>
      <Obj N="ExpiryDate" RefId="286">
        <DT>2022-08-15T08:23:26</DT>
        <MS>
          <Obj N="DisplayHint" RefId="287">
            <TNRef RefId="1" />
            <ToString>DateTime</ToString>
            <I32>2</I32>
          </Obj>
        </MS>
      </Obj>
      <S N="ExpiredRequest">TRUE</S>
    </MS>
  </Obj>
  <Obj RefId="288">
    <TNRef RefId="0" />
    <MS>
      <DT N="Completion time">2022-08-08T09:08:46</DT>
      <S N="Salesforce Case Number">02052610</S>
      <S N="Feature(s) To Cleanup">PME</S>
      <Obj N="ExpiryDate" RefId="289">
        <DT>2022-08-15T09:08:46</DT>
        <MS>
          <Obj N="DisplayHint" RefId="290">
            <TNRef RefId="1" />
            <ToString>DateTime</ToString>
            <I32>2</I32>
          </Obj>
        </MS>
      </Obj>
      <S N="ExpiredRequest">TRUE</S>
    </MS>
  </Obj>
  <Obj RefId="291">
    <TNRef RefId="0" />
    <MS>
      <DT N="Completion time">2022-08-08T12:13:35</DT>
      <S N="Salesforce Case Number">02053673</S>
      <S N="Feature(s) To Cleanup">PME</S>
      <Obj N="ExpiryDate" RefId="292">
        <DT>2022-08-15T12:13:35</DT>
        <MS>
          <Obj N="DisplayHint" RefId="293">
            <TNRef RefId="1" />
            <ToString>DateTime</ToString>
            <I32>2</I32>
          </Obj>
        </MS>
      </Obj>
      <S N="ExpiredRequest">TRUE</S>
    </MS>
  </Obj>
  <Obj RefId="294">
    <TNRef RefId="0" />
    <MS>
      <DT N="Completion time">2022-08-08T21:30:32</DT>
      <S N="Salesforce Case Number">02054512</S>
      <S N="Feature(s) To Cleanup">PME</S>
      <Obj N="ExpiryDate" RefId="295">
        <DT>2022-08-15T21:30:32</DT>
        <MS>
          <Obj N="DisplayHint" RefId="296">
            <TNRef RefId="1" />
            <ToString>DateTime</ToString>
            <I32>2</I32>
          </Obj>
        </MS>
      </Obj>
      <S N="ExpiredRequest">TRUE</S>
    </MS>
  </Obj>
  <Obj RefId="297">
    <TNRef RefId="0" />
    <MS>
      <DT N="Completion time">2022-08-08T21:41:10</DT>
      <Db N="Salesforce Case Number">2054512</Db>
      <S N="Feature(s) To Cleanup">PME</S>
      <Obj N="ExpiryDate" RefId="298">
        <DT>2022-08-15T21:41:10</DT>
        <MS>
          <Obj N="DisplayHint" RefId="299">
            <TNRef RefId="1" />
            <ToString>DateTime</ToString>
            <I32>2</I32>
          </Obj>
        </MS>
      </Obj>
      <S N="ExpiredRequest">TRUE</S>
    </MS>
  </Obj>
  <Obj RefId="300">
    <TNRef RefId="0" />
    <MS>
      <DT N="Completion time">2022-08-08T21:41:19</DT>
      <Db N="Salesforce Case Number">2054512</Db>
      <S N="Feature(s) To Cleanup">PME</S>
      <Obj N="ExpiryDate" RefId="301">
        <DT>2022-08-15T21:41:19</DT>
        <MS>
          <Obj N="DisplayHint" RefId="302">
            <TNRef RefId="1" />
            <ToString>DateTime</ToString>
            <I32>2</I32>
          </Obj>
        </MS>
      </Obj>
      <S N="ExpiredRequest">TRUE</S>
    </MS>
  </Obj>
  <Obj RefId="303">
    <TNRef RefId="0" />
    <MS>
      <DT N="Completion time">2022-08-08T23:52:20</DT>
      <S N="Salesforce Case Number">02043063</S>
      <S N="Feature(s) To Cleanup">PME</S>
      <Obj N="ExpiryDate" RefId="304">
        <DT>2022-08-15T23:52:20</DT>
        <MS>
          <Obj N="DisplayHint" RefId="305">
            <TNRef RefId="1" />
            <ToString>DateTime</ToString>
            <I32>2</I32>
          </Obj>
        </MS>
      </Obj>
      <S N="ExpiredRequest">TRUE</S>
    </MS>
  </Obj>
  <Obj RefId="306">
    <TNRef RefId="0" />
    <MS>
      <DT N="Completion time">2022-08-09T14:42:41</DT>
      <S N="Salesforce Case Number">02054916</S>
      <S N="Feature(s) To Cleanup">Take Control</S>
      <Obj N="ExpiryDate" RefId="307">
        <DT>2022-08-16T14:42:41</DT>
        <MS>
          <Obj N="DisplayHint" RefId="308">
            <TNRef RefId="1" />
            <ToString>DateTime</ToString>
            <I32>2</I32>
          </Obj>
        </MS>
      </Obj>
      <S N="ExpiredRequest">TRUE</S>
    </MS>
  </Obj>
  <Obj RefId="309">
    <TNRef RefId="0" />
    <MS>
      <DT N="Completion time">2022-08-09T14:54:50</DT>
      <S N="Salesforce Case Number">02054906</S>
      <S N="Feature(s) To Cleanup">PME</S>
      <Obj N="ExpiryDate" RefId="310">
        <DT>2022-08-16T14:54:50</DT>
        <MS>
          <Obj N="DisplayHint" RefId="311">
            <TNRef RefId="1" />
            <ToString>DateTime</ToString>
            <I32>2</I32>
          </Obj>
        </MS>
      </Obj>
      <S N="ExpiredRequest">TRUE</S>
    </MS>
  </Obj>
  <Obj RefId="312">
    <TNRef RefId="0" />
    <MS>
      <DT N="Completion time">2022-08-09T14:57:42</DT>
      <S N="Salesforce Case Number">02051466</S>
      <S N="Feature(s) To Cleanup">PME</S>
      <Obj N="ExpiryDate" RefId="313">
        <DT>2022-08-16T14:57:42</DT>
        <MS>
          <Obj N="DisplayHint" RefId="314">
            <TNRef RefId="1" />
            <ToString>DateTime</ToString>
            <I32>2</I32>
          </Obj>
        </MS>
      </Obj>
      <S N="ExpiredRequest">TRUE</S>
    </MS>
  </Obj>
  <Obj RefId="315">
    <TNRef RefId="0" />
    <MS>
      <DT N="Completion time">2022-08-09T14:59:24</DT>
      <S N="Salesforce Case Number">02054906</S>
      <S N="Feature(s) To Cleanup">PME</S>
      <Obj N="ExpiryDate" RefId="316">
        <DT>2022-08-16T14:59:24</DT>
        <MS>
          <Obj N="DisplayHint" RefId="317">
            <TNRef RefId="1" />
            <ToString>DateTime</ToString>
            <I32>2</I32>
          </Obj>
        </MS>
      </Obj>
      <S N="ExpiredRequest">TRUE</S>
    </MS>
  </Obj>
  <Obj RefId="318">
    <TNRef RefId="0" />
    <MS>
      <DT N="Completion time">2022-08-09T15:01:20</DT>
      <S N="Salesforce Case Number">02050981</S>
      <S N="Feature(s) To Cleanup">Take Control</S>
      <Obj N="ExpiryDate" RefId="319">
        <DT>2022-08-16T15:01:20</DT>
        <MS>
          <Obj N="DisplayHint" RefId="320">
            <TNRef RefId="1" />
            <ToString>DateTime</ToString>
            <I32>2</I32>
          </Obj>
        </MS>
      </Obj>
      <S N="ExpiredRequest">TRUE</S>
    </MS>
  </Obj>
  <Obj RefId="321">
    <TNRef RefId="0" />
    <MS>
      <DT N="Completion time">2022-08-09T15:01:41</DT>
      <S N="Salesforce Case Number">02043486</S>
      <S N="Feature(s) To Cleanup">PME</S>
      <Obj N="ExpiryDate" RefId="322">
        <DT>2022-08-16T15:01:41</DT>
        <MS>
          <Obj N="DisplayHint" RefId="323">
            <TNRef RefId="1" />
            <ToString>DateTime</ToString>
            <I32>2</I32>
          </Obj>
        </MS>
      </Obj>
      <S N="ExpiredRequest">TRUE</S>
    </MS>
  </Obj>
  <Obj RefId="324">
    <TNRef RefId="0" />
    <MS>
      <DT N="Completion time">2022-08-09T15:04:30</DT>
      <S N="Salesforce Case Number">02054906</S>
      <S N="Feature(s) To Cleanup">PME</S>
      <Obj N="ExpiryDate" RefId="325">
        <DT>2022-08-16T15:04:30</DT>
        <MS>
          <Obj N="DisplayHint" RefId="326">
            <TNRef RefId="1" />
            <ToString>DateTime</ToString>
            <I32>2</I32>
          </Obj>
        </MS>
      </Obj>
      <S N="ExpiredRequest">TRUE</S>
    </MS>
  </Obj>
  <Obj RefId="327">
    <TNRef RefId="0" />
    <MS>
      <DT N="Completion time">2022-08-09T15:29:45</DT>
      <Db N="Salesforce Case Number">2054435</Db>
      <S N="Feature(s) To Cleanup">N-central Windows Agent</S>
      <Obj N="ExpiryDate" RefId="328">
        <DT>2022-08-16T15:29:45</DT>
        <MS>
          <Obj N="DisplayHint" RefId="329">
            <TNRef RefId="1" />
            <ToString>DateTime</ToString>
            <I32>2</I32>
          </Obj>
        </MS>
      </Obj>
      <S N="ExpiredRequest">TRUE</S>
    </MS>
  </Obj>
  <Obj RefId="330">
    <TNRef RefId="0" />
    <MS>
      <DT N="Completion time">2022-08-09T15:30:50</DT>
      <Db N="Salesforce Case Number">2054435</Db>
      <S N="Feature(s) To Cleanup">Take Control</S>
      <Obj N="ExpiryDate" RefId="331">
        <DT>2022-08-16T15:30:50</DT>
        <MS>
          <Obj N="DisplayHint" RefId="332">
            <TNRef RefId="1" />
            <ToString>DateTime</ToString>
            <I32>2</I32>
          </Obj>
        </MS>
      </Obj>
      <S N="ExpiredRequest">TRUE</S>
    </MS>
  </Obj>
  <Obj RefId="333">
    <TNRef RefId="0" />
    <MS>
      <DT N="Completion time">2022-08-09T15:46:20</DT>
      <S N="Salesforce Case Number">02054957</S>
      <S N="Feature(s) To Cleanup">PME</S>
      <Obj N="ExpiryDate" RefId="334">
        <DT>2022-08-16T15:46:20</DT>
        <MS>
          <Obj N="DisplayHint" RefId="335">
            <TNRef RefId="1" />
            <ToString>DateTime</ToString>
            <I32>2</I32>
          </Obj>
        </MS>
      </Obj>
      <S N="ExpiredRequest">TRUE</S>
    </MS>
  </Obj>
  <Obj RefId="336">
    <TNRef RefId="0" />
    <MS>
      <DT N="Completion time">2022-08-09T15:56:42</DT>
      <S N="Salesforce Case Number">02054957</S>
      <S N="Feature(s) To Cleanup">PME</S>
      <Obj N="ExpiryDate" RefId="337">
        <DT>2022-08-16T15:56:42</DT>
        <MS>
          <Obj N="DisplayHint" RefId="338">
            <TNRef RefId="1" />
            <ToString>DateTime</ToString>
            <I32>2</I32>
          </Obj>
        </MS>
      </Obj>
      <S N="ExpiredRequest">TRUE</S>
    </MS>
  </Obj>
  <Obj RefId="339">
    <TNRef RefId="0" />
    <MS>
      <DT N="Completion time">2022-08-09T16:11:19</DT>
      <S N="Salesforce Case Number">02054971</S>
      <S N="Feature(s) To Cleanup">Take Control</S>
      <Obj N="ExpiryDate" RefId="340">
        <DT>2022-08-16T16:11:19</DT>
        <MS>
          <Obj N="DisplayHint" RefId="341">
            <TNRef RefId="1" />
            <ToString>DateTime</ToString>
            <I32>2</I32>
          </Obj>
        </MS>
      </Obj>
      <S N="ExpiredRequest">TRUE</S>
    </MS>
  </Obj>
  <Obj RefId="342">
    <TNRef RefId="0" />
    <MS>
      <DT N="Completion time">2022-08-09T22:16:32</DT>
      <S N="Salesforce Case Number">02053559</S>
      <S N="Feature(s) To Cleanup">PME</S>
      <Obj N="ExpiryDate" RefId="343">
        <DT>2022-08-16T22:16:32</DT>
        <MS>
          <Obj N="DisplayHint" RefId="344">
            <TNRef RefId="1" />
            <ToString>DateTime</ToString>
            <I32>2</I32>
          </Obj>
        </MS>
      </Obj>
      <S N="ExpiredRequest">TRUE</S>
    </MS>
  </Obj>
  <Obj RefId="345">
    <TNRef RefId="0" />
    <MS>
      <DT N="Completion time">2022-08-10T12:39:23</DT>
      <S N="Salesforce Case Number">02055635</S>
      <S N="Feature(s) To Cleanup">N-central Windows Agent</S>
      <Obj N="ExpiryDate" RefId="346">
        <DT>2022-08-17T12:39:23</DT>
        <MS>
          <Obj N="DisplayHint" RefId="347">
            <TNRef RefId="1" />
            <ToString>DateTime</ToString>
            <I32>2</I32>
          </Obj>
        </MS>
      </Obj>
      <S N="ExpiredRequest">TRUE</S>
    </MS>
  </Obj>
  <Obj RefId="348">
    <TNRef RefId="0" />
    <MS>
      <DT N="Completion time">2022-08-10T14:58:06</DT>
      <S N="Salesforce Case Number">02048155</S>
      <S N="Feature(s) To Cleanup">PME</S>
      <Obj N="ExpiryDate" RefId="349">
        <DT>2022-08-17T14:58:06</DT>
        <MS>
          <Obj N="DisplayHint" RefId="350">
            <TNRef RefId="1" />
            <ToString>DateTime</ToString>
            <I32>2</I32>
          </Obj>
        </MS>
      </Obj>
      <S N="ExpiredRequest">TRUE</S>
    </MS>
  </Obj>
  <Obj RefId="351">
    <TNRef RefId="0" />
    <MS>
      <DT N="Completion time">2022-08-10T15:30:28</DT>
      <S N="Salesforce Case Number">02012308</S>
      <S N="Feature(s) To Cleanup">PME</S>
      <Obj N="ExpiryDate" RefId="352">
        <DT>2022-08-17T15:30:28</DT>
        <MS>
          <Obj N="DisplayHint" RefId="353">
            <TNRef RefId="1" />
            <ToString>DateTime</ToString>
            <I32>2</I32>
          </Obj>
        </MS>
      </Obj>
      <S N="ExpiredRequest">TRUE</S>
    </MS>
  </Obj>
  <Obj RefId="354">
    <TNRef RefId="0" />
    <MS>
      <DT N="Completion time">2022-08-10T16:20:42</DT>
      <S N="Salesforce Case Number">02032142</S>
      <S N="Feature(s) To Cleanup">PME</S>
      <Obj N="ExpiryDate" RefId="355">
        <DT>2022-08-17T16:20:42</DT>
        <MS>
          <Obj N="DisplayHint" RefId="356">
            <TNRef RefId="1" />
            <ToString>DateTime</ToString>
            <I32>2</I32>
          </Obj>
        </MS>
      </Obj>
      <S N="ExpiredRequest">TRUE</S>
    </MS>
  </Obj>
  <Obj RefId="357">
    <TNRef RefId="0" />
    <MS>
      <DT N="Completion time">2022-08-10T17:02:15</DT>
      <S N="Salesforce Case Number">01234567</S>
      <S N="Feature(s) To Cleanup">Take Control</S>
      <Obj N="ExpiryDate" RefId="358">
        <DT>2022-08-17T17:02:15</DT>
        <MS>
          <Obj N="DisplayHint" RefId="359">
            <TNRef RefId="1" />
            <ToString>DateTime</ToString>
            <I32>2</I32>
          </Obj>
        </MS>
      </Obj>
      <S N="ExpiredRequest">TRUE</S>
    </MS>
  </Obj>
  <Obj RefId="360">
    <TNRef RefId="0" />
    <MS>
      <DT N="Completion time">2022-08-10T22:02:22</DT>
      <S N="Salesforce Case Number">02047574</S>
      <S N="Feature(s) To Cleanup">PME</S>
      <Obj N="ExpiryDate" RefId="361">
        <DT>2022-08-17T22:02:22</DT>
        <MS>
          <Obj N="DisplayHint" RefId="362">
            <TNRef RefId="1" />
            <ToString>DateTime</ToString>
            <I32>2</I32>
          </Obj>
        </MS>
      </Obj>
      <S N="ExpiredRequest">TRUE</S>
    </MS>
  </Obj>
  <Obj RefId="363">
    <TNRef RefId="0" />
    <MS>
      <DT N="Completion time">2022-08-11T01:57:52</DT>
      <S N="Salesforce Case Number">02056223</S>
      <S N="Feature(s) To Cleanup">Take Control</S>
      <Obj N="ExpiryDate" RefId="364">
        <DT>2022-08-18T01:57:52</DT>
        <MS>
          <Obj N="DisplayHint" RefId="365">
            <TNRef RefId="1" />
            <ToString>DateTime</ToString>
            <I32>2</I32>
          </Obj>
        </MS>
      </Obj>
      <S N="ExpiredRequest">TRUE</S>
    </MS>
  </Obj>
  <Obj RefId="366">
    <TNRef RefId="0" />
    <MS>
      <DT N="Completion time">2022-08-11T07:37:27</DT>
      <S N="Salesforce Case Number">02050173</S>
      <S N="Feature(s) To Cleanup">PME</S>
      <Obj N="ExpiryDate" RefId="367">
        <DT>2022-08-18T07:37:27</DT>
        <MS>
          <Obj N="DisplayHint" RefId="368">
            <TNRef RefId="1" />
            <ToString>DateTime</ToString>
            <I32>2</I32>
          </Obj>
        </MS>
      </Obj>
      <S N="ExpiredRequest">TRUE</S>
    </MS>
  </Obj>
  <Obj RefId="369">
    <TNRef RefId="0" />
    <MS>
      <DT N="Completion time">2022-08-11T12:29:47</DT>
      <S N="Salesforce Case Number">02049047</S>
      <S N="Feature(s) To Cleanup">N-central Windows Agent</S>
      <Obj N="ExpiryDate" RefId="370">
        <DT>2022-08-18T12:29:47</DT>
        <MS>
          <Obj N="DisplayHint" RefId="371">
            <TNRef RefId="1" />
            <ToString>DateTime</ToString>
            <I32>2</I32>
          </Obj>
        </MS>
      </Obj>
      <S N="ExpiredRequest">TRUE</S>
    </MS>
  </Obj>
  <Obj RefId="372">
    <TNRef RefId="0" />
    <MS>
      <DT N="Completion time">2022-08-11T16:17:53</DT>
      <S N="Salesforce Case Number">02024392</S>
      <S N="Feature(s) To Cleanup">PME</S>
      <Obj N="ExpiryDate" RefId="373">
        <DT>2022-08-18T16:17:53</DT>
        <MS>
          <Obj N="DisplayHint" RefId="374">
            <TNRef RefId="1" />
            <ToString>DateTime</ToString>
            <I32>2</I32>
          </Obj>
        </MS>
      </Obj>
      <S N="ExpiredRequest">TRUE</S>
    </MS>
  </Obj>
  <Obj RefId="375">
    <TNRef RefId="0" />
    <MS>
      <DT N="Completion time">2022-08-12T12:22:17</DT>
      <S N="Salesforce Case Number">02056941</S>
      <S N="Feature(s) To Cleanup">N-central Windows Agent</S>
      <Obj N="ExpiryDate" RefId="376">
        <DT>2022-08-19T12:22:17</DT>
        <MS>
          <Obj N="DisplayHint" RefId="377">
            <TNRef RefId="1" />
            <ToString>DateTime</ToString>
            <I32>2</I32>
          </Obj>
        </MS>
      </Obj>
      <S N="ExpiredRequest">TRUE</S>
    </MS>
  </Obj>
  <Obj RefId="378">
    <TNRef RefId="0" />
    <MS>
      <DT N="Completion time">2022-08-12T15:10:17</DT>
      <S N="Salesforce Case Number">02043063</S>
      <S N="Feature(s) To Cleanup">PME</S>
      <Obj N="ExpiryDate" RefId="379">
        <DT>2022-08-19T15:10:17</DT>
        <MS>
          <Obj N="DisplayHint" RefId="380">
            <TNRef RefId="1" />
            <ToString>DateTime</ToString>
            <I32>2</I32>
          </Obj>
        </MS>
      </Obj>
      <S N="ExpiredRequest">TRUE</S>
    </MS>
  </Obj>
  <Obj RefId="381">
    <TNRef RefId="0" />
    <MS>
      <DT N="Completion time">2022-08-12T16:44:30</DT>
      <S N="Salesforce Case Number">02054790</S>
      <S N="Feature(s) To Cleanup">Take Control</S>
      <Obj N="ExpiryDate" RefId="382">
        <DT>2022-08-19T16:44:30</DT>
        <MS>
          <Obj N="DisplayHint" RefId="383">
            <TNRef RefId="1" />
            <ToString>DateTime</ToString>
            <I32>2</I32>
          </Obj>
        </MS>
      </Obj>
      <S N="ExpiredRequest">TRUE</S>
    </MS>
  </Obj>
  <Obj RefId="384">
    <TNRef RefId="0" />
    <MS>
      <DT N="Completion time">2022-08-12T21:12:36</DT>
      <S N="Salesforce Case Number">02047574</S>
      <S N="Feature(s) To Cleanup">PME</S>
      <Obj N="ExpiryDate" RefId="385">
        <DT>2022-08-19T21:12:36</DT>
        <MS>
          <Obj N="DisplayHint" RefId="386">
            <TNRef RefId="1" />
            <ToString>DateTime</ToString>
            <I32>2</I32>
          </Obj>
        </MS>
      </Obj>
      <S N="ExpiredRequest">TRUE</S>
    </MS>
  </Obj>
  <Obj RefId="387">
    <TNRef RefId="0" />
    <MS>
      <DT N="Completion time">2022-08-15T08:20:46</DT>
      <S N="Salesforce Case Number">02052610</S>
      <S N="Feature(s) To Cleanup">PME</S>
      <Obj N="ExpiryDate" RefId="388">
        <DT>2022-08-22T08:20:46</DT>
        <MS>
          <Obj N="DisplayHint" RefId="389">
            <TNRef RefId="1" />
            <ToString>DateTime</ToString>
            <I32>2</I32>
          </Obj>
        </MS>
      </Obj>
      <S N="ExpiredRequest">FALSE</S>
    </MS>
  </Obj>
  <Obj RefId="390">
    <TNRef RefId="0" />
    <MS>
      <DT N="Completion time">2022-08-15T09:50:02</DT>
      <S N="Salesforce Case Number">02027647</S>
      <S N="Feature(s) To Cleanup">N-central Windows Agent</S>
      <Obj N="ExpiryDate" RefId="391">
        <DT>2022-08-22T09:50:02</DT>
        <MS>
          <Obj N="DisplayHint" RefId="392">
            <TNRef RefId="1" />
            <ToString>DateTime</ToString>
            <I32>2</I32>
          </Obj>
        </MS>
      </Obj>
      <S N="ExpiredRequest">FALSE</S>
    </MS>
  </Obj>
  <Obj RefId="393">
    <TNRef RefId="0" />
    <MS>
      <DT N="Completion time">2022-08-15T13:14:53</DT>
      <S N="Salesforce Case Number"> Case 02054347</S>
      <S N="Feature(s) To Cleanup">PME</S>
      <Obj N="ExpiryDate" RefId="394">
        <DT>2022-08-22T13:14:53</DT>
        <MS>
          <Obj N="DisplayHint" RefId="395">
            <TNRef RefId="1" />
            <ToString>DateTime</ToString>
            <I32>2</I32>
          </Obj>
        </MS>
      </Obj>
      <S N="ExpiredRequest">FALSE</S>
    </MS>
  </Obj>
  <Obj RefId="396">
    <TNRef RefId="0" />
    <MS>
      <DT N="Completion time">2022-08-15T14:45:24</DT>
      <S N="Salesforce Case Number">02057825</S>
      <S N="Feature(s) To Cleanup">PME</S>
      <Obj N="ExpiryDate" RefId="397">
        <DT>2022-08-22T14:45:24</DT>
        <MS>
          <Obj N="DisplayHint" RefId="398">
            <TNRef RefId="1" />
            <ToString>DateTime</ToString>
            <I32>2</I32>
          </Obj>
        </MS>
      </Obj>
      <S N="ExpiredRequest">FALSE</S>
    </MS>
  </Obj>
  <Obj RefId="399">
    <TNRef RefId="0" />
    <MS>
      <DT N="Completion time">2022-08-15T15:21:50</DT>
      <S N="Salesforce Case Number">02032843</S>
      <S N="Feature(s) To Cleanup">PME</S>
      <Obj N="ExpiryDate" RefId="400">
        <DT>2022-08-22T15:21:50</DT>
        <MS>
          <Obj N="DisplayHint" RefId="401">
            <TNRef RefId="1" />
            <ToString>DateTime</ToString>
            <I32>2</I32>
          </Obj>
        </MS>
      </Obj>
      <S N="ExpiredRequest">FALSE</S>
    </MS>
  </Obj>
  <Obj RefId="402">
    <TNRef RefId="0" />
    <MS>
      <DT N="Completion time">2022-08-15T16:12:02</DT>
      <S N="Salesforce Case Number">02053559</S>
      <S N="Feature(s) To Cleanup">PME</S>
      <Obj N="ExpiryDate" RefId="403">
        <DT>2022-08-22T16:12:02</DT>
        <MS>
          <Obj N="DisplayHint" RefId="404">
            <TNRef RefId="1" />
            <ToString>DateTime</ToString>
            <I32>2</I32>
          </Obj>
        </MS>
      </Obj>
      <S N="ExpiredRequest">FALSE</S>
    </MS>
  </Obj>
  <Obj RefId="405">
    <TNRef RefId="0" />
    <MS>
      <DT N="Completion time">2022-08-15T16:24:17</DT>
      <S N="Salesforce Case Number">02054853</S>
      <S N="Feature(s) To Cleanup">Take Control</S>
      <Obj N="ExpiryDate" RefId="406">
        <DT>2022-08-22T16:24:17</DT>
        <MS>
          <Obj N="DisplayHint" RefId="407">
            <TNRef RefId="1" />
            <ToString>DateTime</ToString>
            <I32>2</I32>
          </Obj>
        </MS>
      </Obj>
      <S N="ExpiredRequest">FALSE</S>
    </MS>
  </Obj>
  <Obj RefId="408">
    <TNRef RefId="0" />
    <MS>
      <DT N="Completion time">2022-08-15T16:43:39</DT>
      <S N="Salesforce Case Number">02058995</S>
      <S N="Feature(s) To Cleanup">Take Control</S>
      <Obj N="ExpiryDate" RefId="409">
        <DT>2022-08-22T16:43:39</DT>
        <MS>
          <Obj N="DisplayHint" RefId="410">
            <TNRef RefId="1" />
            <ToString>DateTime</ToString>
            <I32>2</I32>
          </Obj>
        </MS>
      </Obj>
      <S N="ExpiredRequest">FALSE</S>
    </MS>
  </Obj>
  <Obj RefId="411">
    <TNRef RefId="0" />
    <MS>
      <DT N="Completion time">2022-08-15T17:01:20</DT>
      <S N="Salesforce Case Number">02058995</S>
      <S N="Feature(s) To Cleanup">Take Control</S>
      <Obj N="ExpiryDate" RefId="412">
        <DT>2022-08-22T17:01:20</DT>
        <MS>
          <Obj N="DisplayHint" RefId="413">
            <TNRef RefId="1" />
            <ToString>DateTime</ToString>
            <I32>2</I32>
          </Obj>
        </MS>
      </Obj>
      <S N="ExpiredRequest">FALSE</S>
    </MS>
  </Obj>
  <Obj RefId="414">
    <TNRef RefId="0" />
    <MS>
      <DT N="Completion time">2022-08-16T12:04:47</DT>
      <S N="Salesforce Case Number">02057686</S>
      <S N="Feature(s) To Cleanup">Take Control</S>
      <Obj N="ExpiryDate" RefId="415">
        <DT>2022-08-23T12:04:47</DT>
        <MS>
          <Obj N="DisplayHint" RefId="416">
            <TNRef RefId="1" />
            <ToString>DateTime</ToString>
            <I32>2</I32>
          </Obj>
        </MS>
      </Obj>
      <S N="ExpiredRequest">FALSE</S>
    </MS>
  </Obj>
  <Obj RefId="417">
    <TNRef RefId="0" />
    <MS>
      <DT N="Completion time">2022-08-16T13:22:59</DT>
      <S N="Salesforce Case Number">02050699</S>
      <S N="Feature(s) To Cleanup">PME</S>
      <Obj N="ExpiryDate" RefId="418">
        <DT>2022-08-23T13:22:59</DT>
        <MS>
          <Obj N="DisplayHint" RefId="419">
            <TNRef RefId="1" />
            <ToString>DateTime</ToString>
            <I32>2</I32>
          </Obj>
        </MS>
      </Obj>
      <S N="ExpiredRequest">FALSE</S>
    </MS>
  </Obj>
  <Obj RefId="420">
    <TNRef RefId="0" />
    <MS>
      <DT N="Completion time">2022-08-16T14:18:29</DT>
      <S N="Salesforce Case Number">02059371</S>
      <S N="Feature(s) To Cleanup">PME</S>
      <Obj N="ExpiryDate" RefId="421">
        <DT>2022-08-23T14:18:29</DT>
        <MS>
          <Obj N="DisplayHint" RefId="422">
            <TNRef RefId="1" />
            <ToString>DateTime</ToString>
            <I32>2</I32>
          </Obj>
        </MS>
      </Obj>
      <S N="ExpiredRequest">FALSE</S>
    </MS>
  </Obj>
  <Obj RefId="423">
    <TNRef RefId="0" />
    <MS>
      <DT N="Completion time">2022-08-16T15:03:53</DT>
      <S N="Salesforce Case Number">02059814</S>
      <S N="Feature(s) To Cleanup">N-central Windows Agent</S>
      <Obj N="ExpiryDate" RefId="424">
        <DT>2022-08-23T15:03:53</DT>
        <MS>
          <Obj N="DisplayHint" RefId="425">
            <TNRef RefId="1" />
            <ToString>DateTime</ToString>
            <I32>2</I32>
          </Obj>
        </MS>
      </Obj>
      <S N="ExpiredRequest">FALSE</S>
    </MS>
  </Obj>
  <Obj RefId="426">
    <TNRef RefId="0" />
    <MS>
      <DT N="Completion time">2022-08-16T15:27:49</DT>
      <S N="Salesforce Case Number">02058841</S>
      <S N="Feature(s) To Cleanup">PME</S>
      <Obj N="ExpiryDate" RefId="427">
        <DT>2022-08-23T15:27:49</DT>
        <MS>
          <Obj N="DisplayHint" RefId="428">
            <TNRef RefId="1" />
            <ToString>DateTime</ToString>
            <I32>2</I32>
          </Obj>
        </MS>
      </Obj>
      <S N="ExpiredRequest">FALSE</S>
    </MS>
  </Obj>
  <Obj RefId="429">
    <TNRef RefId="0" />
    <MS>
      <DT N="Completion time">2022-08-16T15:36:18</DT>
      <S N="Salesforce Case Number">02059861</S>
      <S N="Feature(s) To Cleanup">Take Control</S>
      <Obj N="ExpiryDate" RefId="430">
        <DT>2022-08-23T15:36:18</DT>
        <MS>
          <Obj N="DisplayHint" RefId="431">
            <TNRef RefId="1" />
            <ToString>DateTime</ToString>
            <I32>2</I32>
          </Obj>
        </MS>
      </Obj>
      <S N="ExpiredRequest">FALSE</S>
    </MS>
  </Obj>
  <Obj RefId="432">
    <TNRef RefId="0" />
    <MS>
      <DT N="Completion time">2022-08-16T21:23:38</DT>
      <S N="Salesforce Case Number">02060119</S>
      <S N="Feature(s) To Cleanup">Take Control</S>
      <Obj N="ExpiryDate" RefId="433">
        <DT>2022-08-23T21:23:38</DT>
        <MS>
          <Obj N="DisplayHint" RefId="434">
            <TNRef RefId="1" />
            <ToString>DateTime</ToString>
            <I32>2</I32>
          </Obj>
        </MS>
      </Obj>
      <S N="ExpiredRequest">FALSE</S>
    </MS>
  </Obj>
  <Obj RefId="435">
    <TNRef RefId="0" />
    <MS>
      <DT N="Completion time">2022-08-16T22:38:24</DT>
      <S N="Salesforce Case Number">02057905</S>
      <S N="Feature(s) To Cleanup">PME</S>
      <Obj N="ExpiryDate" RefId="436">
        <DT>2022-08-23T22:38:24</DT>
        <MS>
          <Obj N="DisplayHint" RefId="437">
            <TNRef RefId="1" />
            <ToString>DateTime</ToString>
            <I32>2</I32>
          </Obj>
        </MS>
      </Obj>
      <S N="ExpiredRequest">FALSE</S>
    </MS>
  </Obj>
  <Obj RefId="438">
    <TNRef RefId="0" />
    <MS>
      <DT N="Completion time">2022-08-16T22:41:47</DT>
      <S N="Salesforce Case Number">02030667</S>
      <S N="Feature(s) To Cleanup">N-central Windows Agent</S>
      <Obj N="ExpiryDate" RefId="439">
        <DT>2022-08-23T22:41:47</DT>
        <MS>
          <Obj N="DisplayHint" RefId="440">
            <TNRef RefId="1" />
            <ToString>DateTime</ToString>
            <I32>2</I32>
          </Obj>
        </MS>
      </Obj>
      <S N="ExpiredRequest">FALSE</S>
    </MS>
  </Obj>
  <Obj RefId="441">
    <TNRef RefId="0" />
    <MS>
      <DT N="Completion time">2022-08-17T04:39:31</DT>
      <S N="Salesforce Case Number">02003100</S>
      <S N="Feature(s) To Cleanup">PME</S>
      <Obj N="ExpiryDate" RefId="442">
        <DT>2022-08-24T04:39:31</DT>
        <MS>
          <Obj N="DisplayHint" RefId="443">
            <TNRef RefId="1" />
            <ToString>DateTime</ToString>
            <I32>2</I32>
          </Obj>
        </MS>
      </Obj>
      <S N="ExpiredRequest">FALSE</S>
    </MS>
  </Obj>
  <Obj RefId="444">
    <TNRef RefId="0" />
    <MS>
      <DT N="Completion time">2022-08-17T07:55:27</DT>
      <S N="Salesforce Case Number">02050981</S>
      <S N="Feature(s) To Cleanup">Take Control</S>
      <Obj N="ExpiryDate" RefId="445">
        <DT>2022-08-24T07:55:27</DT>
        <MS>
          <Obj N="DisplayHint" RefId="446">
            <TNRef RefId="1" />
            <ToString>DateTime</ToString>
            <I32>2</I32>
          </Obj>
        </MS>
      </Obj>
      <S N="ExpiredRequest">FALSE</S>
    </MS>
  </Obj>
  <Obj RefId="447">
    <TNRef RefId="0" />
    <MS>
      <DT N="Completion time">2022-08-17T13:23:09</DT>
      <S N="Salesforce Case Number">02043486</S>
      <S N="Feature(s) To Cleanup">PME</S>
      <Obj N="ExpiryDate" RefId="448">
        <DT>2022-08-24T13:23:09</DT>
        <MS>
          <Obj N="DisplayHint" RefId="449">
            <TNRef RefId="1" />
            <ToString>DateTime</ToString>
            <I32>2</I32>
          </Obj>
        </MS>
      </Obj>
      <S N="ExpiredRequest">FALSE</S>
    </MS>
  </Obj>
  <Obj RefId="450">
    <TNRef RefId="0" />
    <MS>
      <DT N="Completion time">2022-08-17T14:41:06</DT>
      <Db N="Salesforce Case Number">2060579</Db>
      <S N="Feature(s) To Cleanup">Take Control</S>
      <Obj N="ExpiryDate" RefId="451">
        <DT>2022-08-24T14:41:06</DT>
        <MS>
          <Obj N="DisplayHint" RefId="452">
            <TNRef RefId="1" />
            <ToString>DateTime</ToString>
            <I32>2</I32>
          </Obj>
        </MS>
      </Obj>
      <S N="ExpiredRequest">FALSE</S>
    </MS>
  </Obj>
  <Obj RefId="453">
    <TNRef RefId="0" />
    <MS>
      <DT N="Completion time">2022-08-17T14:56:33</DT>
      <S N="Salesforce Case Number">02044941</S>
      <S N="Feature(s) To Cleanup">PME</S>
      <Obj N="ExpiryDate" RefId="454">
        <DT>2022-08-24T14:56:33</DT>
        <MS>
          <Obj N="DisplayHint" RefId="455">
            <TNRef RefId="1" />
            <ToString>DateTime</ToString>
            <I32>2</I32>
          </Obj>
        </MS>
      </Obj>
      <S N="ExpiredRequest">FALSE</S>
    </MS>
  </Obj>
  <Obj RefId="456">
    <TNRef RefId="0" />
    <MS>
      <DT N="Completion time">2022-08-17T14:59:38</DT>
      <S N="Salesforce Case Number">02060596</S>
      <S N="Feature(s) To Cleanup">PME</S>
      <Obj N="ExpiryDate" RefId="457">
        <DT>2022-08-24T14:59:38</DT>
        <MS>
          <Obj N="DisplayHint" RefId="458">
            <TNRef RefId="1" />
            <ToString>DateTime</ToString>
            <I32>2</I32>
          </Obj>
        </MS>
      </Obj>
      <S N="ExpiredRequest">FALSE</S>
    </MS>
  </Obj>
  <Obj RefId="459">
    <TNRef RefId="0" />
    <MS>
      <DT N="Completion time">2022-08-17T16:13:24</DT>
      <S N="Salesforce Case Number">02060738</S>
      <S N="Feature(s) To Cleanup">Take Control</S>
      <Obj N="ExpiryDate" RefId="460">
        <DT>2022-08-24T16:13:24</DT>
        <MS>
          <Obj N="DisplayHint" RefId="461">
            <TNRef RefId="1" />
            <ToString>DateTime</ToString>
            <I32>2</I32>
          </Obj>
        </MS>
      </Obj>
      <S N="ExpiredRequest">FALSE</S>
    </MS>
  </Obj>
  <Obj RefId="462">
    <TNRef RefId="0" />
    <MS>
      <DT N="Completion time">2022-08-17T20:30:42</DT>
      <S N="Salesforce Case Number">02060926</S>
      <S N="Feature(s) To Cleanup">Take Control</S>
      <Obj N="ExpiryDate" RefId="463">
        <DT>2022-08-24T20:30:42</DT>
        <MS>
          <Obj N="DisplayHint" RefId="464">
            <TNRef RefId="1" />
            <ToString>DateTime</ToString>
            <I32>2</I32>
          </Obj>
        </MS>
      </Obj>
      <S N="ExpiredRequest">FALSE</S>
    </MS>
  </Obj>
  <Obj RefId="465">
    <TNRef RefId="0" />
    <MS>
      <DT N="Completion time">2022-08-17T20:49:31</DT>
      <S N="Salesforce Case Number">02060926</S>
      <S N="Feature(s) To Cleanup">Take Control</S>
      <Obj N="ExpiryDate" RefId="466">
        <DT>2022-08-24T20:49:31</DT>
        <MS>
          <Obj N="DisplayHint" RefId="467">
            <TNRef RefId="1" />
            <ToString>DateTime</ToString>
            <I32>2</I32>
          </Obj>
        </MS>
      </Obj>
      <S N="ExpiredRequest">FALSE</S>
    </MS>
  </Obj>
  <Obj RefId="468">
    <TNRef RefId="0" />
    <MS>
      <DT N="Completion time">2022-08-18T00:41:55</DT>
      <S N="Salesforce Case Number">02059284</S>
      <S N="Feature(s) To Cleanup">Take Control</S>
      <Obj N="ExpiryDate" RefId="469">
        <DT>2022-08-25T00:41:55</DT>
        <MS>
          <Obj N="DisplayHint" RefId="470">
            <TNRef RefId="1" />
            <ToString>DateTime</ToString>
            <I32>2</I32>
          </Obj>
        </MS>
      </Obj>
      <S N="ExpiredRequest">FALSE</S>
    </MS>
  </Obj>
  <Obj RefId="471">
    <TNRef RefId="0" />
    <MS>
      <DT N="Completion time">2022-08-18T09:12:42</DT>
      <S N="Salesforce Case Number">02041875</S>
      <S N="Feature(s) To Cleanup">Take Control</S>
      <Obj N="ExpiryDate" RefId="472">
        <DT>2022-08-25T09:12:42</DT>
        <MS>
          <Obj N="DisplayHint" RefId="473">
            <TNRef RefId="1" />
            <ToString>DateTime</ToString>
            <I32>2</I32>
          </Obj>
        </MS>
      </Obj>
      <S N="ExpiredRequest">FALSE</S>
    </MS>
  </Obj>
  <Obj RefId="474">
    <TNRef RefId="0" />
    <MS>
      <DT N="Completion time">2022-08-18T10:43:32</DT>
      <S N="Salesforce Case Number">02060464</S>
      <S N="Feature(s) To Cleanup">Take Control</S>
      <Obj N="ExpiryDate" RefId="475">
        <DT>2022-08-25T10:43:32</DT>
        <MS>
          <Obj N="DisplayHint" RefId="476">
            <TNRef RefId="1" />
            <ToString>DateTime</ToString>
            <I32>2</I32>
          </Obj>
        </MS>
      </Obj>
      <S N="ExpiredRequest">FALSE</S>
    </MS>
  </Obj>
  <Obj RefId="477">
    <TNRef RefId="0" />
    <MS>
      <DT N="Completion time">2022-08-18T10:57:11</DT>
      <S N="Salesforce Case Number">02059719</S>
      <S N="Feature(s) To Cleanup">PME</S>
      <Obj N="ExpiryDate" RefId="478">
        <DT>2022-08-25T10:57:11</DT>
        <MS>
          <Obj N="DisplayHint" RefId="479">
            <TNRef RefId="1" />
            <ToString>DateTime</ToString>
            <I32>2</I32>
          </Obj>
        </MS>
      </Obj>
      <S N="ExpiredRequest">FALSE</S>
    </MS>
  </Obj>
  <Obj RefId="480">
    <TNRef RefId="0" />
    <MS>
      <DT N="Completion time">2022-08-18T11:20:16</DT>
      <S N="Salesforce Case Number">02060464</S>
      <S N="Feature(s) To Cleanup">Take Control</S>
      <Obj N="ExpiryDate" RefId="481">
        <DT>2022-08-25T11:20:16</DT>
        <MS>
          <Obj N="DisplayHint" RefId="482">
            <TNRef RefId="1" />
            <ToString>DateTime</ToString>
            <I32>2</I32>
          </Obj>
        </MS>
      </Obj>
      <S N="ExpiredRequest">FALSE</S>
    </MS>
  </Obj>
  <Obj RefId="483">
    <TNRef RefId="0" />
    <MS>
      <DT N="Completion time">2022-08-18T11:31:30</DT>
      <S N="Salesforce Case Number">02061203</S>
      <S N="Feature(s) To Cleanup">PME</S>
      <Obj N="ExpiryDate" RefId="484">
        <DT>2022-08-25T11:31:30</DT>
        <MS>
          <Obj N="DisplayHint" RefId="485">
            <TNRef RefId="1" />
            <ToString>DateTime</ToString>
            <I32>2</I32>
          </Obj>
        </MS>
      </Obj>
      <S N="ExpiredRequest">FALSE</S>
    </MS>
  </Obj>
  <Obj RefId="486">
    <TNRef RefId="0" />
    <MS>
      <DT N="Completion time">2022-08-18T14:40:18</DT>
      <S N="Salesforce Case Number">02059496</S>
      <S N="Feature(s) To Cleanup">N-central Windows Agent</S>
      <Obj N="ExpiryDate" RefId="487">
        <DT>2022-08-25T14:40:18</DT>
        <MS>
          <Obj N="DisplayHint" RefId="488">
            <TNRef RefId="1" />
            <ToString>DateTime</ToString>
            <I32>2</I32>
          </Obj>
        </MS>
      </Obj>
      <S N="ExpiredRequest">FALSE</S>
    </MS>
  </Obj>
  <Obj RefId="489">
    <TNRef RefId="0" />
    <MS>
      <DT N="Completion time">2022-08-19T08:34:52</DT>
      <S N="Salesforce Case Number">02061671</S>
      <S N="Feature(s) To Cleanup">PME</S>
      <Obj N="ExpiryDate" RefId="490">
        <DT>2022-08-26T08:34:52</DT>
        <MS>
          <Obj N="DisplayHint" RefId="491">
            <TNRef RefId="1" />
            <ToString>DateTime</ToString>
            <I32>2</I32>
          </Obj>
        </MS>
      </Obj>
      <S N="ExpiredRequest">FALSE</S>
    </MS>
  </Obj>
  <Obj RefId="492">
    <TNRef RefId="0" />
    <MS>
      <DT N="Completion time">2022-08-19T09:52:39</DT>
      <S N="Salesforce Case Number">02056718</S>
      <S N="Feature(s) To Cleanup">PME</S>
      <Obj N="ExpiryDate" RefId="493">
        <DT>2022-08-26T09:52:39</DT>
        <MS>
          <Obj N="DisplayHint" RefId="494">
            <TNRef RefId="1" />
            <ToString>DateTime</ToString>
            <I32>2</I32>
          </Obj>
        </MS>
      </Obj>
      <S N="ExpiredRequest">FALSE</S>
    </MS>
  </Obj>
  <Obj RefId="495">
    <TNRef RefId="0" />
    <MS>
      <DT N="Completion time">2022-08-19T10:42:21</DT>
      <S N="Salesforce Case Number">02033531</S>
      <S N="Feature(s) To Cleanup">PME</S>
      <Obj N="ExpiryDate" RefId="496">
        <DT>2022-08-26T10:42:21</DT>
        <MS>
          <Obj N="DisplayHint" RefId="497">
            <TNRef RefId="1" />
            <ToString>DateTime</ToString>
            <I32>2</I32>
          </Obj>
        </MS>
      </Obj>
      <S N="ExpiredRequest">FALSE</S>
    </MS>
  </Obj>
  <Obj RefId="498">
    <TNRef RefId="0" />
    <MS>
      <DT N="Completion time">2022-08-19T10:58:37</DT>
      <S N="Salesforce Case Number">02043063</S>
      <S N="Feature(s) To Cleanup">PME</S>
      <Obj N="ExpiryDate" RefId="499">
        <DT>2022-08-26T10:58:37</DT>
        <MS>
          <Obj N="DisplayHint" RefId="500">
            <TNRef RefId="1" />
            <ToString>DateTime</ToString>
            <I32>2</I32>
          </Obj>
        </MS>
      </Obj>
      <S N="ExpiredRequest">FALSE</S>
    </MS>
  </Obj>
  <Obj RefId="501">
    <TNRef RefId="0" />
    <MS>
      <DT N="Completion time">2022-08-19T11:27:32</DT>
      <S N="Salesforce Case Number">02048155</S>
      <S N="Feature(s) To Cleanup">PME</S>
      <Obj N="ExpiryDate" RefId="502">
        <DT>2022-08-26T11:27:32</DT>
        <MS>
          <Obj N="DisplayHint" RefId="503">
            <TNRef RefId="1" />
            <ToString>DateTime</ToString>
            <I32>2</I32>
          </Obj>
        </MS>
      </Obj>
      <S N="ExpiredRequest">FALSE</S>
    </MS>
  </Obj>
  <Obj RefId="504">
    <TNRef RefId="0" />
    <MS>
      <DT N="Completion time">2022-08-19T11:58:41</DT>
      <S N="Salesforce Case Number">02061477</S>
      <S N="Feature(s) To Cleanup">Take Control</S>
      <Obj N="ExpiryDate" RefId="505">
        <DT>2022-08-26T11:58:41</DT>
        <MS>
          <Obj N="DisplayHint" RefId="506">
            <TNRef RefId="1" />
            <ToString>DateTime</ToString>
            <I32>2</I32>
          </Obj>
        </MS>
      </Obj>
      <S N="ExpiredRequest">FALSE</S>
    </MS>
  </Obj>
  <Obj RefId="507">
    <TNRef RefId="0" />
    <MS>
      <DT N="Completion time">2022-08-19T12:26:36</DT>
      <S N="Salesforce Case Number">02062028</S>
      <S N="Feature(s) To Cleanup">PME</S>
      <Obj N="ExpiryDate" RefId="508">
        <DT>2022-08-26T12:26:36</DT>
        <MS>
          <Obj N="DisplayHint" RefId="509">
            <TNRef RefId="1" />
            <ToString>DateTime</ToString>
            <I32>2</I32>
          </Obj>
        </MS>
      </Obj>
      <S N="ExpiredRequest">FALSE</S>
    </MS>
  </Obj>
  <Obj RefId="510">
    <TNRef RefId="0" />
    <MS>
      <DT N="Completion time">2022-08-19T15:27:47</DT>
      <S N="Salesforce Case Number">02061671</S>
      <S N="Feature(s) To Cleanup">PME</S>
      <Obj N="ExpiryDate" RefId="511">
        <DT>2022-08-26T15:27:47</DT>
        <MS>
          <Obj N="DisplayHint" RefId="512">
            <TNRef RefId="1" />
            <ToString>DateTime</ToString>
            <I32>2</I32>
          </Obj>
        </MS>
      </Obj>
      <S N="ExpiredRequest">FALSE</S>
    </MS>
  </Obj>
  <Obj RefId="513">
    <TNRef RefId="0" />
    <MS>
      <DT N="Completion time">2022-08-19T16:35:39</DT>
      <S N="Salesforce Case Number">02060651</S>
      <S N="Feature(s) To Cleanup">Take Control</S>
      <Obj N="ExpiryDate" RefId="514">
        <DT>2022-08-26T16:35:39</DT>
        <MS>
          <Obj N="DisplayHint" RefId="515">
            <TNRef RefId="1" />
            <ToString>DateTime</ToString>
            <I32>2</I32>
          </Obj>
        </MS>
      </Obj>
      <S N="ExpiredRequest">FALSE</S>
    </MS>
  </Obj>
  <Obj RefId="516">
    <TNRef RefId="0" />
    <MS>
      <DT N="Completion time">2022-08-19T17:18:29</DT>
      <S N="Salesforce Case Number">02061477</S>
      <S N="Feature(s) To Cleanup">Take Control</S>
      <Obj N="ExpiryDate" RefId="517">
        <DT>2022-08-26T17:18:29</DT>
        <MS>
          <Obj N="DisplayHint" RefId="518">
            <TNRef RefId="1" />
            <ToString>DateTime</ToString>
            <I32>2</I32>
          </Obj>
        </MS>
      </Obj>
      <S N="ExpiredRequest">FALSE</S>
    </MS>
  </Obj>
  <Obj RefId="519">
    <TNRef RefId="0" />
    <MS>
      <DT N="Completion time">2022-08-19T20:36:06</DT>
      <S N="Salesforce Case Number">02062373</S>
      <S N="Feature(s) To Cleanup">PME</S>
      <Obj N="ExpiryDate" RefId="520">
        <DT>2022-08-26T20:36:06</DT>
        <MS>
          <Obj N="DisplayHint" RefId="521">
            <TNRef RefId="1" />
            <ToString>DateTime</ToString>
            <I32>2</I32>
          </Obj>
        </MS>
      </Obj>
      <S N="ExpiredRequest">FALSE</S>
    </MS>
  </Obj>
</Objs>